Microchip MPLAB XC8 Compiler V2.35

Linker command line:

-W3 --edf=C:\Program Files\Microchip\xc8\v2.35\pic\dat\en_msgs.txt \
  -pivt0x8=08h -cn -h+dist/default/debug\driveModule.debug.sym \
  --cmf=dist/default/debug\driveModule.debug.cmf -z -Q18F26K83 \
  -oC:\Users\Morgane\AppData\Local\Temp\xcAsd94.4 --defsym=__MPLAB_BUILD=1 \
  -Mdist/default/debug/driveModule.debug.map \
  --md=C:\Users\Morgane\AppData\Local\Temp\xcAsd94.dat -E1 \
  -ver=XC8 Compiler --acfsm=1493 -ACODE=00h-0FFFFh -ACONST=00h-0FFFFh \
  -ASMALLCONST=01000h-010FFhx240 -AMEDIUMCONST=01000h-0FFFFh \
  -ACOMRAM=01h-05Fh -AABS1=00h-0FFFh -ABIGRAM=01h-0FFFh \
  -ARAM=060h-0FFh,0100h-01FFhx15 -ABANK0=060h-0FFh -ABANK1=0100h-01FFh \
  -ABANK2=0200h-02FFh -ABANK3=0300h-03FFh -ABANK4=0400h-04FFh \
  -ABANK5=0500h-05FFh -ABANK6=0600h-06FFh -ABANK7=0700h-07FFh \
  -ABANK8=0800h-08FFh -ABANK9=0900h-09FFh -ABANK10=0A00h-0AFFh \
  -ABANK11=0B00h-0BFFh -ABANK12=0C00h-0CFFh -ABANK13=0D00h-0DFFh \
  -ABANK14=0E00h-0EFFh -ABANK15=0F00h-0FFFh \
  -ASFR=03700h-037FFhx8,03F00h-03F5Fh,03F60h-03FFFh -ABIGSFR=03700h-03FFFh \
  -ACONFIG=0300000h-0300009h -AIDLOC=0200000h-020000Fh \
  -AEEDATA=0310000h-03103FFh -peeprom_data=EEDATA -preset_vec=00h \
  -ppowerup=CODE,init -pramtop=01000h -psmallconst=SMALLCONST \
  -pmediumconst=MEDIUMCONST -pconst=CONST -AFARRAM=00h-00h \
  -prdata=COMRAM,nvrram=COMRAM,nvbit=COMRAM,rbss=COMRAM,rbit=COMRAM \
  -pfarbss=FARRAM,fardata=FARRAM,nvFARRAM=FARRAM \
  -pintsave_regs=BIGRAM,bigbss=BIGRAM,bigdata=BIGRAM -pbss=RAM \
  -pidata=CODE,irdata=CODE,ibigdata=CODE,ifardata=CODE -prparam=COMRAM \
  C:\Users\Morgane\AppData\Local\Temp\xcAsd94.o \
  dist/default/debug\driveModule.debug.o 

Object code version is 3.11

Machine type is 18F26K83



                Name                               Link     Load   Length Selector   Space Scale
C:\Users\Morgane\AppData\Local\Temp\xcAsd94.o
                idloc                            200000   200000       10        0       5
                config                           300000   300000        A        0       4
                init                                 1A       1A        4        4       0
                reset_vec                             0        0        6        0       0
dist/default/debug\driveModule.debug.o
                idloc                            200000   200000       10        0       5
                config                           300000   300000        A        0       4
                ivt0x8                                8        8       12        4       0
                text80                             2A64     2A64       16        4       0
                text79                             2518     2518       62        4       0
                text78                             2A4E     2A4E       16        4       0
                text77                             2772     2772       3C        4       0
                text76                             2A1C     2A1C       1A        4       0
                text75                             2A02     2A02       1A        4       0
                text74                             209A     209A       86        4       0
                text73                             1E3C     1E3C       B0        4       0
                text72                             17E6     17E6       F4        4       0
                text71                             19B8     19B8       D8        4       0
                text70                             2B46     2B46        2        4       0
                text69                             2818     2818       32        4       0
                text68                             263A     263A       5C        4       0
                text67                             27E4     27E4       34        4       0
                text66                             2B00     2B00        C        4       0
                text65                             2AF4     2AF4        C        4       0
                text64                             28CE     28CE       28        4       0
                text63                             2B44     2B44        2        4       0
                text62                             24B4     24B4       64        4       0
                text61                             28A6     28A6       28        4       0
                text60                             2B42     2B42        2        4       0
                text59                             2A8E     2A8E       14        4       0
                text58                             21A4     21A4       84        4       0
                text57                             2AC2     2AC2        E        4       0
                text56                             2AE8     2AE8        C        4       0
                text55                             2ADC     2ADC        C        4       0
                text54                             2696     2696       54        4       0
                text53                             2AD0     2AD0        C        4       0
                text52                             1F80     1F80       8E        4       0
                text51                             1B58     1B58       C2        4       0
                text50                             2450     2450       64        4       0
                text49                             2732     2732       40        4       0
                text48                             2A7A     2A7A       14        4       0
                text47                             29B2     29B2       1C        4       0
                text46                             2996     2996       1C        4       0
                text45                             297A     297A       1C        4       0
                text44                             295E     295E       1C        4       0
                text43                             29E8     29E8       1A        4       0
                text42                             29CE     29CE       1A        4       0
                text41                             200E     200E       8C        4       0
                text40                             1D8A     1D8A       B2        4       0
                text39                             16EA     16EA       FC        4       0
                text38                             1C1A     1C1A       BC        4       0
                text37                             1EEC     1EEC       94        4       0
                text36                             1A90     1A90       C8        4       0
                text35                             23EC     23EC       64        4       0
                text34                             1412     1412      19A        4       0
                text33                             1018     1018      220        4       0
                text32                             2B34     2B34        4        4       0
                text31                             2A36     2A36       18        4       0
                text30                             25DA     25DA       60        4       0
                text29                             291C     291C       24        4       0
                text28                             2B2A     2B2A        A        4       0
                text27                             28F6     28F6       26        4       0
                text26                             2B20     2B20        A        4       0
                text25                             2B16     2B16        A        4       0
                text24                             2B0C     2B0C        A        4       0
                text23                             2318     2318       70        4       0
                text22                             2940     2940       1E        4       0
                text21                             2120     2120       84        4       0
                text20                             26EA     26EA       48        4       0
                text19                             2AB2     2AB2       10        4       0
                text18                             2AA2     2AA2       10        4       0
                text17                             1CD6     1CD6       B4        4       0
                text16                             257A     257A       60        4       0
                text15                             15AC     15AC      13E        4       0
                text14                             2228     2228       7C        4       0
                text13                              D22      D22      2F6        4       0
                text12                             1238     1238      1DA        4       0
                text11                             2B40     2B40        2        4       0
                text10                             2B3E     2B3E        2        4       0
                text9                              2B3C     2B3C        2        4       0
                text8                              2B3A     2B3A        2        4       0
                text7                              2B38     2B38        2        4       0
                text6                                1E       1E      86E        4       0
                text5                               88C      88C      496        4       0
                text4                              2388     2388       64        4       0
                text3                              22A4     22A4       74        4       0
                text2                              287A     287A       2C        4       0
                text1                              18DA     18DA       DE        4       0
                text0                              284A     284A       30        4       0
                cstackCOMRAM                          1        1       30        1       1
                cstackBANK0                          60       60       74       60       1
                bssBIGRAM                            F8       F8      13E       F8       1
                bssBANK0                             D4       D4       1E       60       1
                cinit                              27AE     27AE       36        4       0
                nvBANK0                              F2       F2        6       60       1
                nvCOMRAM                             31       31        2        1       1

TOTAL           Name                               Link     Load   Length     Space
        CLASS   CODE           
                init                                 1A       1A        4         0
                reset_vec                             0        0        6         0
                ivt0x8                                8        8       12         0
                text80                             2A64     2A64       16         0
                text79                             2518     2518       62         0
                text78                             2A4E     2A4E       16         0
                text77                             2772     2772       3C         0
                text76                             2A1C     2A1C       1A         0
                text75                             2A02     2A02       1A         0
                text74                             209A     209A       86         0
                text73                             1E3C     1E3C       B0         0
                text72                             17E6     17E6       F4         0
                text71                             19B8     19B8       D8         0
                text70                             2B46     2B46        2         0
                text69                             2818     2818       32         0
                text68                             263A     263A       5C         0
                text67                             27E4     27E4       34         0
                text66                             2B00     2B00        C         0
                text65                             2AF4     2AF4        C         0
                text64                             28CE     28CE       28         0
                text63                             2B44     2B44        2         0
                text62                             24B4     24B4       64         0
                text61                             28A6     28A6       28         0
                text60                             2B42     2B42        2         0
                text59                             2A8E     2A8E       14         0
                text58                             21A4     21A4       84         0
                text57                             2AC2     2AC2        E         0
                text56                             2AE8     2AE8        C         0
                text55                             2ADC     2ADC        C         0
                text54                             2696     2696       54         0
                text53                             2AD0     2AD0        C         0
                text52                             1F80     1F80       8E         0
                text51                             1B58     1B58       C2         0
                text50                             2450     2450       64         0
                text49                             2732     2732       40         0
                text48                             2A7A     2A7A       14         0
                text47                             29B2     29B2       1C         0
                text46                             2996     2996       1C         0
                text45                             297A     297A       1C         0
                text44                             295E     295E       1C         0
                text43                             29E8     29E8       1A         0
                text42                             29CE     29CE       1A         0
                text41                             200E     200E       8C         0
                text40                             1D8A     1D8A       B2         0
                text39                             16EA     16EA       FC         0
                text38                             1C1A     1C1A       BC         0
                text37                             1EEC     1EEC       94         0
                text36                             1A90     1A90       C8         0
                text35                             23EC     23EC       64         0
                text34                             1412     1412      19A         0
                text33                             1018     1018      220         0
                text32                             2B34     2B34        4         0
                text31                             2A36     2A36       18         0
                text30                             25DA     25DA       60         0
                text29                             291C     291C       24         0
                text28                             2B2A     2B2A        A         0
                text27                             28F6     28F6       26         0
                text26                             2B20     2B20        A         0
                text25                             2B16     2B16        A         0
                text24                             2B0C     2B0C        A         0
                text23                             2318     2318       70         0
                text22                             2940     2940       1E         0
                text21                             2120     2120       84         0
                text20                             26EA     26EA       48         0
                text19                             2AB2     2AB2       10         0
                text18                             2AA2     2AA2       10         0
                text17                             1CD6     1CD6       B4         0
                text16                             257A     257A       60         0
                text15                             15AC     15AC      13E         0
                text14                             2228     2228       7C         0
                text13                              D22      D22      2F6         0
                text12                             1238     1238      1DA         0
                text11                             2B40     2B40        2         0
                text10                             2B3E     2B3E        2         0
                text9                              2B3C     2B3C        2         0
                text8                              2B3A     2B3A        2         0
                text7                              2B38     2B38        2         0
                text6                                1E       1E      86E         0
                text5                               88C      88C      496         0
                text4                              2388     2388       64         0
                text3                              22A4     22A4       74         0
                text2                              287A     287A       2C         0
                text1                              18DA     18DA       DE         0
                text0                              284A     284A       30         0
                cinit                              27AE     27AE       36         0

        CLASS   CONST          

        CLASS   SMALLCONST     

        CLASS   MEDIUMCONST    

        CLASS   COMRAM         
                cstackCOMRAM                          1        1       30         1
                nvCOMRAM                             31       31        2         1

        CLASS   ABS1           

        CLASS   BIGRAM         
                bssBIGRAM                            F8       F8      13E         1

        CLASS   RAM            

        CLASS   BANK0          
                cstackBANK0                          60       60       74         1
                bssBANK0                             D4       D4       1E         1
                nvBANK0                              F2       F2        6         1

        CLASS   BANK1          

        CLASS   BANK2          

        CLASS   BANK3          

        CLASS   BANK4          

        CLASS   BANK5          

        CLASS   BANK6          

        CLASS   BANK7          

        CLASS   BANK8          

        CLASS   BANK9          

        CLASS   BANK10         

        CLASS   BANK11         

        CLASS   BANK12         

        CLASS   BANK13         

        CLASS   BANK14         

        CLASS   BANK15         

        CLASS   SFR            

        CLASS   BIGSFR         

        CLASS   CONFIG         
                config                           300000   300000        A         4

        CLASS   IDLOC          
                idloc                            200000   200000       10         5

        CLASS   EEDATA         

        CLASS   FARRAM         

        CLASS   HEAP           

        CLASS   STACK          



SEGMENTS        Name                           Load    Length   Top    Selector   Space  Class

                reset_vec                      000000  000006  000006         0       0  CODE    
                cstackCOMRAM                   000001  000032  000033         1       1  COMRAM  
                ivt0x8                         000008  002B40  002B48         4       0  CODE    
                cstackBANK0                    000060  000098  0000F8        60       1  BANK0   
                bssBIGRAM                      0000F8  00013E  000236        F8       1  BIGRAM  


UNUSED ADDRESS RANGES

        Name                Unused          Largest block    Delta
        BANK10           000A00-000AFF              100
        BANK11           000B00-000BFF              100
        BANK12           000C00-000CFF              100
        BANK13           000D00-000DFF              100
        BANK14           000E00-000EFF              100
        BANK15           000F00-000FFF              100
        BANK2            000236-0002FF               CA
        BANK3            000300-0003FF              100
        BANK4            000400-0004FF              100
        BANK5            000500-0005FF              100
        BANK6            000600-0006FF              100
        BANK7            000700-0007FF              100
        BANK8            000800-0008FF              100
        BANK9            000900-0009FF              100
        BIGRAM           000033-00005F               2D
                         000236-000FFF              DCA
        BIGSFR           003700-003FFF              900
        CODE             000006-000007                2
                         002B48-00FFFF             D4B8
        COMRAM           000033-00005F               2D
        CONST            000006-000007                2
                         002B48-00FFFF             D4B8
        EEDATA           310000-3103FF              400
        MEDIUMCONST      002B48-00FFFF             D4B8
        RAM              000236-000FFF              100
        SFR              003700-003FFF              100
        SMALLCONST       002B48-00FFFF              100

                                  Symbol Table

?_Event_getData                                    cstackBANK0  000060
?_Event_getDelay                                   cstackBANK0  000060
?_XF_popEvent                                      cstackBANK0  000066
?___awmod                                          cstackBANK0  000060
?___wmul                                           cstackBANK0  000060
?_b                                                cstackBANK0  000060
?_blc                                              cstackBANK0  000060
?_bsm                                              cstackBANK0  000060
?_cc                                               cstackBANK0  000060
?_convertReg2ExtendedCANid                         cstackBANK0  000060
?_convertReg2StandardCANid                         cstackBANK0  000060
?_l                                                cstackBANK0  000060
?i2_Event_getDelay                                 cstackCOMRAM 000001
?i2___awmod                                        cstackCOMRAM 000001
BLControl_init@me                                  cstackBANK0  000062
BLControl_onButton@buttonId                        cstackBANK0  000068
BLControl_onButton@me                              cstackBANK0  000066
BLControl_onButton@pressed                         cstackBANK0  000069
ButtonSM_init@button                               cstackBANK0  000064
ButtonSM_init@me                                   cstackBANK0  000062
ButtonSM_processEvent@ev                           cstackBANK0  0000B5
ButtonSM_processEvent@me                           cstackBANK0  0000BA
ButtonSM_processEvent@oldState                     cstackBANK0  0000B9
ButtonSM_setObserver@me                            cstackBANK0  000062
ButtonSM_setObserver@observer                      cstackBANK0  000064
ButtonSM_setObserver@observerCB                    cstackBANK0  000066
ButtonSM_startBehaviour@me                         cstackBANK0  0000A9
Button_getId@me                                    cstackBANK0  000060
Button_init@id                                     cstackBANK0  000064
Button_init@isPullUp                               cstackBANK0  000065
Button_init@me                                     cstackBANK0  000062
Button_initHW@me                                   cstackBANK0  000062
Button_read@me                                     cstackBANK0  000060
Button_read@value                                  cstackBANK0  000064
CAN_receive@returnValue                            cstackBANK0  000075
CAN_receive@tempCanMsg                             cstackBANK0  000073
ENTERCRITICAL@inISR                                cstackBANK0  000060
Event_getData@me                                   cstackBANK0  000060
Event_getDelay@me                                  cstackBANK0  000060
Event_getId@me                                     cstackBANK0  000060
Event_init@me                                      cstackBANK0  000066
Event_setData@data                                 cstackBANK0  000062
Event_setData@me                                   cstackBANK0  000060
Event_setDelay@delay                               cstackBANK0  000062
Event_setDelay@me                                  cstackBANK0  000060
Event_setId@eventID                                cstackBANK0  000062
Event_setId@me                                     cstackBANK0  000060
Event_setPE@me                                     cstackBANK0  000060
Event_setPE@processEvent                           cstackBANK0  000062
Event_setTarget@me                                 cstackBANK0  000060
Event_setTarget@target                             cstackBANK0  000062
IVTBASEH                                           (abs)        003FD6
IVTBASEL                                           (abs)        003FD5
IVTBASEU                                           (abs)        003FD7
LEAVECRITICAL@inISR                                cstackBANK0  000060
LED_init@id                                        cstackBANK0  000064
LED_init@me                                        cstackBANK0  000062
LED_initHW@me                                      cstackBANK0  000066
LED_off@me                                         cstackBANK0  000062
LED_on@me                                          cstackBANK0  000062
POST@data                                          cstackBANK0  000091
POST@delay                                         cstackBANK0  00008F
POST@ev                                            cstackBANK0  00009A
POST@id                                            cstackBANK0  00008E
POST@processEvent                                  cstackBANK0  00008C
POST@target                                        cstackBANK0  00008A
POST@tmid                                          cstackBANK0  000099
TMR0_SetInterruptHandler@InterruptHandler          cstackBANK0  000060
UART1_SetErrorHandler@interruptHandler             cstackBANK0  000060
UART1_SetFramingErrorHandler@interruptHandler      cstackBANK0  000060
UART1_SetOverrunErrorHandler@interruptHandler      cstackBANK0  000060
XF_decrementAndQueueTimers@dummy                   cstackCOMRAM 00002D
XF_decrementAndQueueTimers@i                       cstackCOMRAM 00002E
XF_executeOnce@ev                                  cstackBANK0  0000C5
XF_init@i                                          cstackBANK0  000068
XF_popEvent@ev                                     cstackBANK0  000078
XF_popEvent@inISR                                  cstackBANK0  000077
XF_pushEvent@ev                                    cstackBANK0  000074
XF_pushEvent@inISR                                 cstackBANK0  000083
XF_pushEvent@temp                                  cstackBANK0  000089
XF_pushEvent@tm                                    cstackBANK0  000087
XF_pushEvent@tmid                                  cstackBANK0  000084
XF_scheduleTimer@ev                                cstackBANK0  000063
XF_scheduleTimer@i                                 cstackBANK0  000073
XF_scheduleTimer@inISR                             cstackBANK0  000072
XF_scheduleTimer@tm                                cstackBANK0  000061
XF_unscheduleTimer@id                              cstackCOMRAM 000004
XF_unscheduleTimer@inISR                           cstackCOMRAM 000003
_ANSELA                                            (abs)        003A40
_ANSELB                                            (abs)        003A50
_ANSELC                                            (abs)        003A60
_BLControl_init                                    text63       002B44
_BLControl_onButton                                text20       0026EA
_BRGCON1                                           (abs)        003703
_BRGCON2                                           (abs)        003704
_BRGCON3                                           (abs)        003705
_ButtonSM_init                                     text62       0024B4
_ButtonSM_processEvent                             text5        00088C
_ButtonSM_setObserver                              text67       0027E4
_ButtonSM_startBehaviour                           text37       001EEC
_ButtonSM_startBehaviour$212                       cstackBANK0  0000AB
_Button_getId                                      text19       002AB2
_Button_init                                       text61       0028A6
_Button_initHW                                     text60       002B42
_Button_read                                       text51       001B58
_CANCON                                            (abs)        003F8F
_CANRXPPS                                          (abs)        003AED
_CANSTAT                                           (abs)        003F8E
_CAN_receive                                       text13       000D22
_CIOCON                                            (abs)        003700
_COMSTATbits                                       (abs)        003F90
_ECANCON                                           (abs)        003F91
_ECAN_Initialize                                   text33       001018
_ENTERCRITICAL                                     text43       0029E8
_Event_getData                                     text16       00257A
_Event_getDelay                                    text45       00297A
_Event_getId                                       text18       002AA2
_Event_init                                        text50       002450
_Event_setData                                     text49       002732
_Event_setDelay                                    text44       00295E
_Event_setId                                       text48       002A7A
_Event_setPE                                       text47       0029B2
_Event_setTarget                                   text46       002996
_Factory_build                                     text64       0028CE
_Factory_init                                      text52       001F80
_Factory_start                                     text35       0023EC
_INLVLA                                            (abs)        003A44
_INLVLB                                            (abs)        003A54
_INLVLC                                            (abs)        003A64
_INLVLE                                            (abs)        003A84
_INTCON0bits                                       (abs)        003FD2
_INTERRUPT_Initialize                              text32       002B34
_INTERRUPT_InterruptManager                        text68       00263A
_LATA                                              (abs)        003FBA
_LATB                                              (abs)        003FBB
_LATBbits                                          (abs)        003FBB
_LATC                                              (abs)        003FBC
_LEAVECRITICAL                                     text42       0029CE
_LED_init                                          text59       002A8E
_LED_initHW                                        text57       002AC2
_LED_off                                           text58       0021A4
_LED_on                                            text21       002120
_NVMADRH                                           (abs)        0039E1
_NVMADRL                                           (abs)        0039E0
_NVMCON1bits                                       (abs)        0039E5
_NVMCON2                                           (abs)        0039E6
_NVMDAT                                            (abs)        0039E3
_ODCONA                                            (abs)        003A42
_ODCONB                                            (abs)        003A52
_ODCONC                                            (abs)        003A62
_OSCCON1                                           (abs)        0039D9
_OSCCON3                                           (abs)        0039DB
_OSCEN                                             (abs)        0039DD
_OSCFRQ                                            (abs)        0039DF
_OSCILLATOR_Initialize                             text31       002A36
_OSCTUNE                                           (abs)        0039DE
_PIE3bits                                          (abs)        003993
_PIE5bits                                          (abs)        003995
_PIN_MANAGER_Initialize                            text30       0025DA
_PIR0bits                                          (abs)        0039A0
_PIR3bits                                          (abs)        0039A3
_PIR5bits                                          (abs)        0039A5
_PMD0                                              (abs)        0039C0
_PMD1                                              (abs)        0039C1
_PMD2                                              (abs)        0039C2
_PMD3                                              (abs)        0039C3
_PMD4                                              (abs)        0039C4
_PMD5                                              (abs)        0039C5
_PMD6                                              (abs)        0039C6
_PMD7                                              (abs)        0039C7
_PMD_Initialize                                    text29       00291C
_PORTCbits                                         (abs)        003FCC
_POST                                              text38       001C1A
_RB2PPS                                            (abs)        003A0A
_RC6PPS                                            (abs)        003A16
_RXB0CONbits                                       (abs)        003F80
_RXB0D0                                            (abs)        003F86
_RXB0D1                                            (abs)        003F87
_RXB0D2                                            (abs)        003F88
_RXB0D3                                            (abs)        003F89
_RXB0D4                                            (abs)        003F8A
_RXB0D5                                            (abs)        003F8B
_RXB0D6                                            (abs)        003F8C
_RXB0D7                                            (abs)        003F8D
_RXB0DLC                                           (abs)        003F85
_RXB0EIDH                                          (abs)        003F83
_RXB0EIDL                                          (abs)        003F84
_RXB0SIDH                                          (abs)        003F81
_RXB0SIDL                                          (abs)        003F82
_RXB1CONbits                                       (abs)        0037F0
_RXB1D0                                            (abs)        0037F6
_RXB1D1                                            (abs)        0037F7
_RXB1D2                                            (abs)        0037F8
_RXB1D3                                            (abs)        0037F9
_RXB1D4                                            (abs)        0037FA
_RXB1D5                                            (abs)        0037FB
_RXB1D6                                            (abs)        0037FC
_RXB1D7                                            (abs)        0037FD
_RXB1DLC                                           (abs)        0037F5
_RXB1EIDH                                          (abs)        0037F3
_RXB1EIDL                                          (abs)        0037F4
_RXB1SIDH                                          (abs)        0037F1
_RXB1SIDL                                          (abs)        0037F2
_RXF0EIDH                                          (abs)        0037A2
_RXF0EIDL                                          (abs)        0037A3
_RXF0SIDH                                          (abs)        0037A0
_RXF0SIDL                                          (abs)        0037A1
_RXF1EIDH                                          (abs)        0037A6
_RXF1EIDL                                          (abs)        0037A7
_RXF1SIDH                                          (abs)        0037A4
_RXF1SIDL                                          (abs)        0037A5
_RXF2EIDH                                          (abs)        0037AA
_RXF2EIDL                                          (abs)        0037AB
_RXF2SIDH                                          (abs)        0037A8
_RXF2SIDL                                          (abs)        0037A9
_RXF3EIDH                                          (abs)        0037AE
_RXF3EIDL                                          (abs)        0037AF
_RXF3SIDH                                          (abs)        0037AC
_RXF3SIDL                                          (abs)        0037AD
_RXF4EIDH                                          (abs)        0037B2
_RXF4EIDL                                          (abs)        0037B3
_RXF4SIDH                                          (abs)        0037B0
_RXF4SIDL                                          (abs)        0037B1
_RXF5EIDH                                          (abs)        0037B6
_RXF5EIDL                                          (abs)        0037B7
_RXF5SIDH                                          (abs)        0037B4
_RXF5SIDL                                          (abs)        0037B5
_RXM0EIDH                                          (abs)        0037BA
_RXM0EIDL                                          (abs)        0037BB
_RXM0SIDH                                          (abs)        0037B8
_RXM0SIDL                                          (abs)        0037B9
_RXM1EIDH                                          (abs)        0037BE
_RXM1EIDL                                          (abs)        0037BF
_RXM1SIDH                                          (abs)        0037BC
_RXM1SIDL                                          (abs)        0037BD
_SLRCONA                                           (abs)        003A43
_SLRCONB                                           (abs)        003A53
_SLRCONC                                           (abs)        003A63
_SYSTEM_Initialize                                 text22       002940
_T0CON0                                            (abs)        003FB8
_T0CON0bits                                        (abs)        003FB8
_T0CON1                                            (abs)        003FB9
_TABLAT                                            (abs)        003FF5
_TBLPTRH                                           (abs)        003FF7
_TBLPTRL                                           (abs)        003FF6
_TBLPTRU                                           (abs)        003FF8
_TMR0H                                             (abs)        003FB7
_TMR0L                                             (abs)        003FB6
_TMR0_DefaultInterruptHandler                      text70       002B46
_TMR0_ISR                                          text69       002818
_TMR0_Initialize                                   text27       0028F6
_TMR0_InterruptHandler                             nvCOMRAM     000031
_TMR0_SetInterruptHandler                          text28       002B2A
_TRISA                                             (abs)        003FC2
_TRISB                                             (abs)        003FC3
_TRISC                                             (abs)        003FC4
_TXB0CONbits                                       (abs)        0037E0
_TXB0D0                                            (abs)        0037E6
_TXB0D1                                            (abs)        0037E7
_TXB0D2                                            (abs)        0037E8
_TXB0D3                                            (abs)        0037E9
_TXB0D4                                            (abs)        0037EA
_TXB0D5                                            (abs)        0037EB
_TXB0D6                                            (abs)        0037EC
_TXB0D7                                            (abs)        0037ED
_TXB0DLC                                           (abs)        0037E5
_TXB0EIDH                                          (abs)        0037E3
_TXB0EIDL                                          (abs)        0037E4
_TXB0SIDH                                          (abs)        0037E1
_TXB0SIDL                                          (abs)        0037E2
_TXB1CONbits                                       (abs)        0037D0
_TXB1D0                                            (abs)        0037D6
_TXB1D1                                            (abs)        0037D7
_TXB1D2                                            (abs)        0037D8
_TXB1D3                                            (abs)        0037D9
_TXB1D4                                            (abs)        0037DA
_TXB1D5                                            (abs)        0037DB
_TXB1D6                                            (abs)        0037DC
_TXB1D7                                            (abs)        0037DD
_TXB1DLC                                           (abs)        0037D5
_TXB1EIDH                                          (abs)        0037D3
_TXB1EIDL                                          (abs)        0037D4
_TXB1SIDH                                          (abs)        0037D1
_TXB1SIDL                                          (abs)        0037D2
_TXB2CONbits                                       (abs)        0037C0
_TXB2D0                                            (abs)        0037C6
_TXB2D1                                            (abs)        0037C7
_TXB2D2                                            (abs)        0037C8
_TXB2D3                                            (abs)        0037C9
_TXB2D4                                            (abs)        0037CA
_TXB2D5                                            (abs)        0037CB
_TXB2D6                                            (abs)        0037CC
_TXB2D7                                            (abs)        0037CD
_TXB2DLC                                           (abs)        0037C5
_TXB2EIDH                                          (abs)        0037C3
_TXB2EIDL                                          (abs)        0037C4
_TXB2SIDH                                          (abs)        0037C1
_TXB2SIDL                                          (abs)        0037C2
_U1BRGH                                            (abs)        003DF6
_U1BRGL                                            (abs)        003DF5
_U1CON0                                            (abs)        003DF2
_U1CON0bits                                        (abs)        003DF2
_U1CON1                                            (abs)        003DF3
_U1CON2                                            (abs)        003DF4
_U1ERRIE                                           (abs)        003DFA
_U1ERRIR                                           (abs)        003DF9
_U1ERRIRbits                                       (abs)        003DF9
_U1FIFO                                            (abs)        003DF7
_U1P1H                                             (abs)        003DED
_U1P1L                                             (abs)        003DEC
_U1P2H                                             (abs)        003DEF
_U1P2L                                             (abs)        003DEE
_U1P3H                                             (abs)        003DF1
_U1P3L                                             (abs)        003DF0
_U1RXB                                             (abs)        003DE8
_U1RXPPS                                           (abs)        003AE7
_U1TXB                                             (abs)        003DEA
_U1UIR                                             (abs)        003DF8
_UART1_DefaultErrorHandler                         (abs)        000000
_UART1_DefaultFramingErrorHandler                  (abs)        000000
_UART1_DefaultOverrunErrorHandler                  (abs)        000000
_UART1_ErrorHandler                                nvBANK0      0000F2
_UART1_FramingErrorHandler                         nvBANK0      0000F6
_UART1_Initialize                                  text23       002318
_UART1_OverrunErrorHandler                         nvBANK0      0000F4
_UART1_SetErrorHandler                             text26       002B20
_UART1_SetFramingErrorHandler                      text25       002B16
_UART1_SetOverrunErrorHandler                      text24       002B0C
_WPUA                                              (abs)        003A41
_WPUB                                              (abs)        003A51
_WPUC                                              (abs)        003A61
_WPUE                                              (abs)        003A81
_XF_decrementAndQueueTimers                        text71       0019B8
_XF_executeOnce                                    text3        0022A4
_XF_init                                           text1        0018DA
_XF_popEvent                                       text17       001CD6
_XF_pushEvent                                      text39       0016EA
_XF_scheduleTimer                                  text41       00200E
_XF_unscheduleTimer                                text77       002772
__HRAM                                             (abs)        000000
__Habs1                                            abs1         000000
__Hbank0                                           bank0        000000
__Hbank1                                           bank1        000000
__Hbank10                                          bank10       000000
__Hbank11                                          bank11       000000
__Hbank12                                          bank12       000000
__Hbank13                                          bank13       000000
__Hbank14                                          bank14       000000
__Hbank15                                          bank15       000000
__Hbank2                                           bank2        000000
__Hbank3                                           bank3        000000
__Hbank4                                           bank4        000000
__Hbank5                                           bank5        000000
__Hbank6                                           bank6        000000
__Hbank7                                           bank7        000000
__Hbank8                                           bank8        000000
__Hbank9                                           bank9        000000
__Hbigbss                                          bigbss       000000
__Hbigdata                                         bigdata      000000
__Hbigram                                          bigram       000000
__Hbigsfr                                          bigsfr       000000
__Hbss                                             bss          000000
__HbssBANK0                                        bssBANK0     000000
__HbssBIGRAM                                       bssBIGRAM    000000
__Hcinit                                           cinit        000000
__Hclrtext                                         clrtext      000000
__Hcomram                                          comram       000000
__Hconfig                                          config       30000A
__Hconst                                           const        000000
__HcstackBANK0                                     cstackBANK0  000000
__HcstackCOMRAM                                    cstackCOMRAM 000000
__Hdata                                            data         000000
__Heeprom_data                                     eeprom_data  000000
__Hfarbss                                          farbss       000000
__Hfardata                                         fardata      000000
__Hheap                                            heap         000000
__Hibigdata                                        ibigdata     000000
__Hidata                                           idata        000000
__Hidloc                                           idloc        200010
__Hifardata                                        ifardata     000000
__Hinit                                            init         00001E
__Hintsave_regs                                    intsave_regs 000000
__Hirdata                                          irdata       000000
__Hivt0x8                                          ivt0x8       00001A
__Hmediumconst                                     mediumconst  000000
__HnvBANK0                                         nvBANK0      000000
__HnvCOMRAM                                        nvCOMRAM     000000
__HnvFARRAM                                        nvFARRAM     000000
__Hnvbit                                           nvbit        000000
__Hnvrram                                          nvrram       000000
__Hparam                                           rparam       000000
__Hpowerup                                         powerup      000000
__Hram                                             ram          000000
__Hramtop                                          ramtop       001000
__Hrbit                                            rbit         000000
__Hrbss                                            rbss         000000
__Hrdata                                           rdata        000000
__Hreset_vec                                       reset_vec    000006
__Hrparam                                          rparam       000000
__Hsfr                                             sfr          000000
__Hsmallconst                                      smallconst   000000
__Hspace_0                                         (abs)        002B48
__Hspace_1                                         (abs)        000236
__Hspace_2                                         (abs)        000000
__Hspace_4                                         (abs)        60000A
__Hstack                                           stack        000000
__Hstruct                                          struct       000000
__Htemp                                            temp         000000
__Htext                                            text         000000
__Htext0                                           text0        000000
__Htext1                                           text1        000000
__Htext10                                          text10       000000
__Htext11                                          text11       000000
__Htext12                                          text12       000000
__Htext13                                          text13       000000
__Htext14                                          text14       000000
__Htext15                                          text15       000000
__Htext16                                          text16       000000
__Htext17                                          text17       000000
__Htext18                                          text18       000000
__Htext19                                          text19       000000
__Htext2                                           text2        000000
__Htext20                                          text20       000000
__Htext21                                          text21       000000
__Htext22                                          text22       000000
__Htext23                                          text23       000000
__Htext24                                          text24       000000
__Htext25                                          text25       000000
__Htext26                                          text26       000000
__Htext27                                          text27       000000
__Htext28                                          text28       000000
__Htext29                                          text29       000000
__Htext3                                           text3        000000
__Htext30                                          text30       000000
__Htext31                                          text31       000000
__Htext32                                          text32       000000
__Htext33                                          text33       000000
__Htext34                                          text34       000000
__Htext35                                          text35       000000
__Htext36                                          text36       000000
__Htext37                                          text37       000000
__Htext38                                          text38       000000
__Htext39                                          text39       000000
__Htext4                                           text4        000000
__Htext40                                          text40       000000
__Htext41                                          text41       000000
__Htext42                                          text42       000000
__Htext43                                          text43       000000
__Htext44                                          text44       000000
__Htext45                                          text45       000000
__Htext46                                          text46       000000
__Htext47                                          text47       000000
__Htext48                                          text48       000000
__Htext49                                          text49       000000
__Htext5                                           text5        000000
__Htext50                                          text50       000000
__Htext51                                          text51       000000
__Htext52                                          text52       000000
__Htext53                                          text53       000000
__Htext54                                          text54       000000
__Htext55                                          text55       000000
__Htext56                                          text56       000000
__Htext57                                          text57       000000
__Htext58                                          text58       000000
__Htext59                                          text59       000000
__Htext6                                           text6        000000
__Htext60                                          text60       000000
__Htext61                                          text61       000000
__Htext62                                          text62       000000
__Htext63                                          text63       000000
__Htext64                                          text64       000000
__Htext65                                          text65       000000
__Htext66                                          text66       000000
__Htext67                                          text67       000000
__Htext68                                          text68       000000
__Htext69                                          text69       000000
__Htext7                                           text7        000000
__Htext70                                          text70       000000
__Htext71                                          text71       000000
__Htext72                                          text72       000000
__Htext73                                          text73       000000
__Htext74                                          text74       000000
__Htext75                                          text75       000000
__Htext76                                          text76       000000
__Htext77                                          text77       000000
__Htext78                                          text78       000000
__Htext79                                          text79       000000
__Htext8                                           text8        000000
__Htext80                                          text80       000000
__Htext81                                          text81       000000
__Htext9                                           text9        000000
__LRAM                                             (abs)        000001
__Labs1                                            abs1         000000
__Lbank0                                           bank0        000000
__Lbank1                                           bank1        000000
__Lbank10                                          bank10       000000
__Lbank11                                          bank11       000000
__Lbank12                                          bank12       000000
__Lbank13                                          bank13       000000
__Lbank14                                          bank14       000000
__Lbank15                                          bank15       000000
__Lbank2                                           bank2        000000
__Lbank3                                           bank3        000000
__Lbank4                                           bank4        000000
__Lbank5                                           bank5        000000
__Lbank6                                           bank6        000000
__Lbank7                                           bank7        000000
__Lbank8                                           bank8        000000
__Lbank9                                           bank9        000000
__Lbigbss                                          bigbss       000000
__Lbigdata                                         bigdata      000000
__Lbigram                                          bigram       000000
__Lbigsfr                                          bigsfr       000000
__Lbss                                             bss          000000
__LbssBANK0                                        bssBANK0     000000
__LbssBIGRAM                                       bssBIGRAM    000000
__Lcinit                                           cinit        000000
__Lclrtext                                         clrtext      000000
__Lcomram                                          comram       000000
__Lconfig                                          config       000000
__Lconst                                           const        000000
__LcstackBANK0                                     cstackBANK0  000000
__LcstackCOMRAM                                    cstackCOMRAM 000000
__Ldata                                            data         000000
__Leeprom_data                                     eeprom_data  000000
__Lfarbss                                          farbss       000000
__Lfardata                                         fardata      000000
__Lheap                                            heap         000000
__Libigdata                                        ibigdata     000000
__Lidata                                           idata        000000
__Lidloc                                           idloc        000000
__Lifardata                                        ifardata     000000
__Linit                                            init         00001A
__Lintsave_regs                                    intsave_regs 000000
__Lirdata                                          irdata       000000
__Livt0x8                                          ivt0x8       000008
__Lmediumconst                                     mediumconst  000000
__LnvBANK0                                         nvBANK0      000000
__LnvCOMRAM                                        nvCOMRAM     000000
__LnvFARRAM                                        nvFARRAM     000000
__Lnvbit                                           nvbit        000000
__Lnvrram                                          nvrram       000000
__Lparam                                           rparam       000000
__Lpowerup                                         powerup      000000
__Lram                                             ram          000000
__Lramtop                                          ramtop       001000
__Lrbit                                            rbit         000000
__Lrbss                                            rbss         000000
__Lrdata                                           rdata        000000
__Lreset_vec                                       reset_vec    000000
__Lrparam                                          rparam       000000
__Lsfr                                             sfr          000000
__Lsmallconst                                      smallconst   000000
__Lspace_0                                         (abs)        000000
__Lspace_1                                         (abs)        000000
__Lspace_2                                         (abs)        000000
__Lspace_4                                         (abs)        000000
__Lstack                                           stack        000000
__Lstruct                                          struct       000000
__Ltemp                                            temp         000000
__Ltext                                            text         000000
__Ltext0                                           text0        000000
__Ltext1                                           text1        000000
__Ltext10                                          text10       000000
__Ltext11                                          text11       000000
__Ltext12                                          text12       000000
__Ltext13                                          text13       000000
__Ltext14                                          text14       000000
__Ltext15                                          text15       000000
__Ltext16                                          text16       000000
__Ltext17                                          text17       000000
__Ltext18                                          text18       000000
__Ltext19                                          text19       000000
__Ltext2                                           text2        000000
__Ltext20                                          text20       000000
__Ltext21                                          text21       000000
__Ltext22                                          text22       000000
__Ltext23                                          text23       000000
__Ltext24                                          text24       000000
__Ltext25                                          text25       000000
__Ltext26                                          text26       000000
__Ltext27                                          text27       000000
__Ltext28                                          text28       000000
__Ltext29                                          text29       000000
__Ltext3                                           text3        000000
__Ltext30                                          text30       000000
__Ltext31                                          text31       000000
__Ltext32                                          text32       000000
__Ltext33                                          text33       000000
__Ltext34                                          text34       000000
__Ltext35                                          text35       000000
__Ltext36                                          text36       000000
__Ltext37                                          text37       000000
__Ltext38                                          text38       000000
__Ltext39                                          text39       000000
__Ltext4                                           text4        000000
__Ltext40                                          text40       000000
__Ltext41                                          text41       000000
__Ltext42                                          text42       000000
__Ltext43                                          text43       000000
__Ltext44                                          text44       000000
__Ltext45                                          text45       000000
__Ltext46                                          text46       000000
__Ltext47                                          text47       000000
__Ltext48                                          text48       000000
__Ltext49                                          text49       000000
__Ltext5                                           text5        000000
__Ltext50                                          text50       000000
__Ltext51                                          text51       000000
__Ltext52                                          text52       000000
__Ltext53                                          text53       000000
__Ltext54                                          text54       000000
__Ltext55                                          text55       000000
__Ltext56                                          text56       000000
__Ltext57                                          text57       000000
__Ltext58                                          text58       000000
__Ltext59                                          text59       000000
__Ltext6                                           text6        000000
__Ltext60                                          text60       000000
__Ltext61                                          text61       000000
__Ltext62                                          text62       000000
__Ltext63                                          text63       000000
__Ltext64                                          text64       000000
__Ltext65                                          text65       000000
__Ltext66                                          text66       000000
__Ltext67                                          text67       000000
__Ltext68                                          text68       000000
__Ltext69                                          text69       000000
__Ltext7                                           text7        000000
__Ltext70                                          text70       000000
__Ltext71                                          text71       000000
__Ltext72                                          text72       000000
__Ltext73                                          text73       000000
__Ltext74                                          text74       000000
__Ltext75                                          text75       000000
__Ltext76                                          text76       000000
__Ltext77                                          text77       000000
__Ltext78                                          text78       000000
__Ltext79                                          text79       000000
__Ltext8                                           text8        000000
__Ltext80                                          text80       000000
__Ltext81                                          text81       000000
__Ltext9                                           text9        000000
__S0                                               (abs)        002B48
__S1                                               (abs)        000236
__S4                                               (abs)        000000
__S5                                               (abs)        000000
___awmod                                           text40       001D8A
___awmod@counter                                   cstackBANK0  000064
___awmod@dividend                                  cstackBANK0  000060
___awmod@divisor                                   cstackBANK0  000062
___awmod@sign                                      cstackBANK0  000065
___heap_hi                                         (abs)        000000
___heap_lo                                         (abs)        000000
___inthi_sp                                        stack        000000
___intlo_sp                                        stack        000000
___param_bank                                      (abs)        000000
___rparam_used                                     (abs)        000001
___sp                                              stack        000000
___wmul                                            text2        00287A
___wmul@multiplicand                               cstackBANK0  000062
___wmul@multiplier                                 cstackBANK0  000060
___wmul@product                                    cstackBANK0  000064
__accesstop                                        (abs)        000060
__activetblptr                                     (abs)        000002
__end_of_BLControl_init                            text63       002B46
__end_of_BLControl_onButton                        text20       002732
__end_of_ButtonSM_init                             text62       002518
__end_of_ButtonSM_processEvent                     text5        000D22
__end_of_ButtonSM_setObserver                      text67       002818
__end_of_ButtonSM_startBehaviour                   text37       001F80
__end_of_Button_getId                              text19       002AC2
__end_of_Button_init                               text61       0028CE
__end_of_Button_initHW                             text60       002B44
__end_of_Button_read                               text51       001C1A
__end_of_CAN_receive                               text13       001018
__end_of_ECAN_Initialize                           text33       001238
__end_of_ENTERCRITICAL                             text43       002A02
__end_of_Event_getData                             text16       0025DA
__end_of_Event_getDelay                            text45       002996
__end_of_Event_getId                               text18       002AB2
__end_of_Event_init                                text50       0024B4
__end_of_Event_setData                             text49       002772
__end_of_Event_setDelay                            text44       00297A
__end_of_Event_setId                               text48       002A8E
__end_of_Event_setPE                               text47       0029CE
__end_of_Event_setTarget                           text46       0029B2
__end_of_Factory_build                             text64       0028F6
__end_of_Factory_init                              text52       00200E
__end_of_Factory_start                             text35       002450
__end_of_INTERRUPT_Initialize                      text32       002B38
__end_of_INTERRUPT_InterruptManager                text68       002696
__end_of_LEAVECRITICAL                             text42       0029E8
__end_of_LED_init                                  text59       002AA2
__end_of_LED_initHW                                text57       002AD0
__end_of_LED_off                                   text58       002228
__end_of_LED_on                                    text21       0021A4
__end_of_OSCILLATOR_Initialize                     text31       002A4E
__end_of_PIN_MANAGER_Initialize                    text30       00263A
__end_of_PMD_Initialize                            text29       002940
__end_of_POST                                      text38       001CD6
__end_of_SYSTEM_Initialize                         text22       00295E
__end_of_TMR0_DefaultInterruptHandler              text70       002B48
__end_of_TMR0_ISR                                  text69       00284A
__end_of_TMR0_Initialize                           text27       00291C
__end_of_TMR0_SetInterruptHandler                  text28       002B34
__end_of_UART1_Initialize                          text23       002388
__end_of_UART1_SetErrorHandler                     text26       002B2A
__end_of_UART1_SetFramingErrorHandler              text25       002B20
__end_of_UART1_SetOverrunErrorHandler              text24       002B16
__end_of_XF_decrementAndQueueTimers                text71       001A90
__end_of_XF_executeOnce                            text3        002318
__end_of_XF_init                                   text1        0019B8
__end_of_XF_popEvent                               text17       001D8A
__end_of_XF_pushEvent                              text39       0017E6
__end_of_XF_scheduleTimer                          text41       00209A
__end_of_XF_unscheduleTimer                        text77       0027AE
__end_of___awmod                                   text40       001E3C
__end_of___wmul                                    text2        0028A6
__end_of__initialization                           cinit        0027DA
__end_of_b                                         text56       002AF4
__end_of_blc                                       text66       002B0C
__end_of_bsm                                       text65       002B00
__end_of_cc                                        text55       002AE8
__end_of_commControl_init                          text54       0026EA
__end_of_commControl_processEvent                  text6        00088C
__end_of_commControl_startBehaviour                text36       001B58
__end_of_convertCANid2Reg                          text34       0015AC
__end_of_convertReg2ExtendedCANid                  text15       0016EA
__end_of_convertReg2StandardCANid                  text14       0022A4
__end_of_factory_toggleLed                         text4        0023EC
__end_of_l                                         text53       002ADC
__end_of_main                                      text0        00287A
__end_of_readCANFrame                              text12       001412
__end_of_sendAliveFrame                            text11       002B42
__end_of_sendSpeedFrame                            text10       002B40
__end_of_setBrake                                  text9        002B3E
__end_of_setPower                                  text8        002B3C
__end_of_storeSetup                                text7        002B3A
__end_ofi2_ENTERCRITICAL                           text80       002A7A
__end_ofi2_Event_getDelay                          text76       002A36
__end_ofi2_Event_init                              text79       00257A
__end_ofi2_Event_setDelay                          text75       002A1C
__end_ofi2_LEAVECRITICAL                           text78       002A64
__end_ofi2_XF_pushEvent                            text72       0018DA
__end_ofi2_XF_scheduleTimer                        text74       002120
__end_ofi2___awmod                                 text73       001EEC
__initialization                                   cinit        0027AE
__mediumconst                                      mediumconst  000000
__pbssBANK0                                        bssBANK0     0000D4
__pbssBIGRAM                                       bssBIGRAM    0000F8
__pcinit                                           cinit        0027AE
__pcstackBANK0                                     cstackBANK0  000060
__pcstackCOMRAM                                    cstackCOMRAM 000001
__pivt0x8                                          ivt0x8       000008
__pnvBANK0                                         nvBANK0      0000F2
__pnvCOMRAM                                        nvCOMRAM     000031
__ptext0                                           text0        00284A
__ptext1                                           text1        0018DA
__ptext10                                          text10       002B3E
__ptext11                                          text11       002B40
__ptext12                                          text12       001238
__ptext13                                          text13       000D22
__ptext14                                          text14       002228
__ptext15                                          text15       0015AC
__ptext16                                          text16       00257A
__ptext17                                          text17       001CD6
__ptext18                                          text18       002AA2
__ptext19                                          text19       002AB2
__ptext2                                           text2        00287A
__ptext20                                          text20       0026EA
__ptext21                                          text21       002120
__ptext22                                          text22       002940
__ptext23                                          text23       002318
__ptext24                                          text24       002B0C
__ptext25                                          text25       002B16
__ptext26                                          text26       002B20
__ptext27                                          text27       0028F6
__ptext28                                          text28       002B2A
__ptext29                                          text29       00291C
__ptext3                                           text3        0022A4
__ptext30                                          text30       0025DA
__ptext31                                          text31       002A36
__ptext32                                          text32       002B34
__ptext33                                          text33       001018
__ptext34                                          text34       001412
__ptext35                                          text35       0023EC
__ptext36                                          text36       001A90
__ptext37                                          text37       001EEC
__ptext38                                          text38       001C1A
__ptext39                                          text39       0016EA
__ptext4                                           text4        002388
__ptext40                                          text40       001D8A
__ptext41                                          text41       00200E
__ptext42                                          text42       0029CE
__ptext43                                          text43       0029E8
__ptext44                                          text44       00295E
__ptext45                                          text45       00297A
__ptext46                                          text46       002996
__ptext47                                          text47       0029B2
__ptext48                                          text48       002A7A
__ptext49                                          text49       002732
__ptext5                                           text5        00088C
__ptext50                                          text50       002450
__ptext51                                          text51       001B58
__ptext52                                          text52       001F80
__ptext53                                          text53       002AD0
__ptext54                                          text54       002696
__ptext55                                          text55       002ADC
__ptext56                                          text56       002AE8
__ptext57                                          text57       002AC2
__ptext58                                          text58       0021A4
__ptext59                                          text59       002A8E
__ptext6                                           text6        00001E
__ptext60                                          text60       002B42
__ptext61                                          text61       0028A6
__ptext62                                          text62       0024B4
__ptext63                                          text63       002B44
__ptext64                                          text64       0028CE
__ptext65                                          text65       002AF4
__ptext66                                          text66       002B00
__ptext67                                          text67       0027E4
__ptext68                                          text68       00263A
__ptext69                                          text69       002818
__ptext7                                           text7        002B38
__ptext70                                          text70       002B46
__ptext71                                          text71       0019B8
__ptext72                                          text72       0017E6
__ptext73                                          text73       001E3C
__ptext74                                          text74       00209A
__ptext75                                          text75       002A02
__ptext76                                          text76       002A1C
__ptext77                                          text77       002772
__ptext78                                          text78       002A4E
__ptext79                                          text79       002518
__ptext8                                           text8        002B3A
__ptext80                                          text80       002A64
__ptext81                                          text81       000000
__ptext9                                           text9        002B3C
__ramtop                                           ramtop       001000
__smallconst                                       smallconst   000000
_b                                                 text56       002AE8
_blc                                               text66       002B00
_bsm                                               text65       002AF4
_cc                                                text55       002ADC
_commControl_init                                  text54       002696
_commControl_processEvent                          text6        00001E
_commControl_startBehaviour                        text36       001A90
_convertCANid2Reg                                  text34       001412
_convertReg2ExtendedCANid                          text15       0015AC
_convertReg2StandardCANid                          text14       002228
_factory_toggleLed                                 text4        002388
_l                                                 text53       002AD0
_main                                              text0        00284A
_readCANFrame                                      text12       001238
_sendAliveFrame                                    text11       002B40
_sendSpeedFrame                                    text10       002B3E
_setBrake                                          text9        002B3C
_setPower                                          text8        002B3A
_storeSetup                                        text7        002B38
_theFactory                                        bssBANK0     0000D5
_theXF                                             bssBIGRAM    0000F8
_uart1RxLastError                                  bssBANK0     0000D4
commControl_init@me                                cstackBANK0  000062
commControl_processEvent@ev                        cstackBANK0  0000B5
commControl_processEvent@me                        cstackBANK0  0000C3
commControl_processEvent@oldASMState               cstackBANK0  0000C1
commControl_processEvent@oldCSMState               cstackBANK0  0000BF
commControl_processEvent@oldSSMState               cstackBANK0  0000C0
commControl_processEvent@processed                 cstackBANK0  0000C2
commControl_startBehaviour@me                      cstackBANK0  0000A9
convertCANid2Reg@canIdType                         cstackBANK0  000064
convertCANid2Reg@passedInEIDH                      cstackBANK0  000065
convertCANid2Reg@passedInEIDL                      cstackBANK0  000067
convertCANid2Reg@passedInSIDH                      cstackBANK0  000069
convertCANid2Reg@passedInSIDL                      cstackBANK0  00006B
convertCANid2Reg@tempPassedInID                    cstackBANK0  000060
convertCANid2Reg@wipSIDL                           cstackBANK0  000071
convertReg2ExtendedCANid@CAN_standardLo_ID_hi3bits cstackBANK0  00006E
convertReg2ExtendedCANid@CAN_standardLo_ID_lo2bits cstackBANK0  00006D
convertReg2ExtendedCANid@ConvertedID               cstackBANK0  00006F
convertReg2ExtendedCANid@returnValue               cstackBANK0  000069
convertReg2ExtendedCANid@tempRXBn_EIDH             cstackBANK0  000068
convertReg2ExtendedCANid@tempRXBn_EIDL             cstackBANK0  000060
convertReg2ExtendedCANid@tempRXBn_SIDH             cstackBANK0  000061
convertReg2ExtendedCANid@tempRXBn_SIDL             cstackBANK0  000062
convertReg2StandardCANid@ConvertedID               cstackBANK0  00006B
convertReg2StandardCANid@returnValue               cstackBANK0  000067
convertReg2StandardCANid@tempRXBn_SIDH             cstackBANK0  000066
convertReg2StandardCANid@tempRXBn_SIDL             cstackBANK0  000060
end_of_initialization                              cinit        0027DA
i2ENTERCRITICAL@inISR                              cstackCOMRAM 000001
i2Event_getDelay@me                                cstackCOMRAM 000001
i2Event_init@me                                    cstackCOMRAM 000001
i2Event_setDelay@delay                             cstackCOMRAM 000003
i2Event_setDelay@me                                cstackCOMRAM 000001
i2LEAVECRITICAL@inISR                              cstackCOMRAM 000001
i2XF_pushEvent@ev                                  cstackCOMRAM 000015
i2XF_pushEvent@inISR                               cstackCOMRAM 000024
i2XF_pushEvent@temp                                cstackCOMRAM 00002A
i2XF_pushEvent@tm                                  cstackCOMRAM 000028
i2XF_pushEvent@tmid                                cstackCOMRAM 000025
i2XF_scheduleTimer@ev                              cstackCOMRAM 000004
i2XF_scheduleTimer@i                               cstackCOMRAM 000014
i2XF_scheduleTimer@inISR                           cstackCOMRAM 000013
i2XF_scheduleTimer@tm                              cstackCOMRAM 000002
i2_ENTERCRITICAL                                   text80       002A64
i2_Event_getDelay                                  text76       002A1C
i2_Event_init                                      text79       002518
i2_Event_setDelay                                  text75       002A02
i2_LEAVECRITICAL                                   text78       002A4E
i2_XF_pushEvent                                    text72       0017E6
i2_XF_scheduleTimer                                text74       00209A
i2___awmod                                         text73       001E3C
i2___awmod@counter                                 cstackCOMRAM 000005
i2___awmod@dividend                                cstackCOMRAM 000001
i2___awmod@divisor                                 cstackCOMRAM 000003
i2___awmod@sign                                    cstackCOMRAM 000006
intlevel0                                          text         000000
intlevel1                                          text         000000
intlevel2                                          text         000000
intlevel3                                          text         000000
isa$std                                            (abs)        000001
isa$xinst                                          (abs)        000000
ivt0x8_base                                        ivt0x8       000008
readCANFrame@cip                                   cstackBANK0  0000B1
readCANFrame@me                                    cstackBANK0  0000A9
readCANFrame@msg                                   cstackBANK0  0000AB
readCANFrame@msgNbr                                cstackBANK0  0000B0
readCANFrame@src                                   cstackBANK0  0000AF
sendAliveFrame@me                                  cstackBANK0  000060
sendSpeedFrame@me                                  cstackBANK0  000060
setBrake@me                                        cstackBANK0  000060
setPower@me                                        cstackBANK0  000060
stackhi                                            (abs)        000000
stacklo                                            (abs)        000000
start                                              init         00001A
start_initialization                               cinit        0027AE
storeSetup@me                                      cstackBANK0  000060
storeSetup@msg                                     cstackBANK0  000062


MODULE INFORMATION

Module		Function		Class		Link	Load	Size
driveControl/commControl.c
		_commControl_init		CODE           	2696	0000	84
		_commControl_processEvent		CODE           	001E	0000	2158
		_sendSpeedFrame		CODE           	2B3E	0000	2
		_commControl_startBehaviour		CODE           	1A90	0000	200
		_sendAliveFrame		CODE           	2B40	0000	2
		_setBrake      		CODE           	2B3C	0000	2
		_storeSetup    		CODE           	2B38	0000	2
		_readCANFrame  		CODE           	1238	0000	474
		_setPower      		CODE           	2B3A	0000	2

driveControl/commControl.c estimated size: 2926

xf/event.c
		_Event_setData 		CODE           	2732	0000	64
		_Event_init    		CODE           	2450	0000	100
		_Event_setDelay		CODE           	295E	0000	28
		_Event_setTarget		CODE           	2996	0000	28
		_Event_getId   		CODE           	2AA2	0000	16
		_Event_getData 		CODE           	257A	0000	96
		_Event_setPE   		CODE           	29B2	0000	28
		_Event_setId   		CODE           	2A7A	0000	20
		_Event_getDelay		CODE           	297A	0000	28

xf/event.c estimated size: 408

mcc_generated_files/interrupt_manager.c
		_INTERRUPT_Initialize		CODE           	2B34	0000	4
		_INTERRUPT_InterruptManager		CODE           	263A	0000	92

mcc_generated_files/interrupt_manager.c estimated size: 96

mcc_generated_files/tmr0.c
		_TMR0_SetInterruptHandler		CODE           	2B2A	0000	10
		_TMR0_DefaultInterruptHandler		CODE           	2B46	0000	2
		_TMR0_ISR      		CODE           	2818	0000	50
		_TMR0_Initialize		CODE           	28F6	0000	38

mcc_generated_files/tmr0.c estimated size: 100

C:\Program Files\Microchip\xc8\v2.35\pic\sources\c99\common\Umul16.c
		___wmul        		CODE           	287A	0000	44

C:\Program Files\Microchip\xc8\v2.35\pic\sources\c99\common\Umul16.c estimated size: 44

mcc_generated_files/pin_manager.c
		_PIN_MANAGER_Initialize		CODE           	25DA	0000	96

mcc_generated_files/pin_manager.c estimated size: 96

board/led/led.c
		_LED_on        		CODE           	2120	0000	132
		_LED_init      		CODE           	2A8E	0000	20
		_LED_initHW    		CODE           	2AC2	0000	14
		_LED_off       		CODE           	21A4	0000	132

board/led/led.c estimated size: 298

board/button/buttonsm.c
		_ButtonSM_setObserver		CODE           	27E4	0000	52
		_ButtonSM_startBehaviour		CODE           	1EEC	0000	148
		_ButtonSM_init 		CODE           	24B4	0000	100
		_ButtonSM_processEvent		CODE           	088C	0000	1174

board/button/buttonsm.c estimated size: 1474

app/blcontrol.c
		_BLControl_init		CODE           	2B44	0000	2
		_BLControl_onButton		CODE           	26EA	0000	72

app/blcontrol.c estimated size: 74

mcc_generated_files/ecan.c
		_CAN_receive   		CODE           	0D22	0000	758
		_ECAN_Initialize		CODE           	1018	0000	544
		_convertReg2ExtendedCANid		CODE           	15AC	0000	318
		_convertReg2StandardCANid		CODE           	2228	0000	124
		_convertCANid2Reg		CODE           	1412	0000	410

mcc_generated_files/ecan.c estimated size: 2154

factory/factory.c
		_b             		CODE           	2AE8	0000	12
		_factory_toggleLed		CODE           	2388	0000	100
		_l             		CODE           	2AD0	0000	12
		_cc            		CODE           	2ADC	0000	12
		_bsm           		CODE           	2AF4	0000	12
		_blc           		CODE           	2B00	0000	12
		_Factory_init  		CODE           	1F80	0000	142
		_Factory_build 		CODE           	28CE	0000	40
		_Factory_start 		CODE           	23EC	0000	100

factory/factory.c estimated size: 442

mcc_generated_files/uart1.c
		_UART1_SetFramingErrorHandler		CODE           	2B16	0000	10
		_UART1_SetOverrunErrorHandler		CODE           	2B0C	0000	10
		_UART1_Initialize		CODE           	2318	0000	112
		_UART1_SetErrorHandler		CODE           	2B20	0000	10

mcc_generated_files/uart1.c estimated size: 142

shared
		i2_Event_getDelay		CODE           	2A1C	0000	26
		i2_Event_setDelay		CODE           	2A02	0000	26
		i2_XF_pushEvent		CODE           	17E6	0000	244
		i2_XF_scheduleTimer		CODE           	209A	0000	134
		i2_ENTERCRITICAL		CODE           	2A64	0000	22
		__initialization		CODE           	27AE	0000	44
		i2_LEAVECRITICAL		CODE           	2A4E	0000	22
		i2___awmod     		CODE           	1E3C	0000	176
		i2_Event_init  		CODE           	2518	0000	98

shared estimated size: 792

mcc_generated_files/mcc.c
		_PMD_Initialize		CODE           	291C	0000	36
		_OSCILLATOR_Initialize		CODE           	2A36	0000	24
		_SYSTEM_Initialize		CODE           	2940	0000	30

mcc_generated_files/mcc.c estimated size: 90

xf/xf.c
		_XF_executeOnce		CODE           	22A4	0000	116
		_XF_popEvent   		CODE           	1CD6	0000	180
		_POST          		CODE           	1C1A	0000	188
		_XF_init       		CODE           	18DA	0000	222
		_XF_pushEvent  		CODE           	16EA	0000	252
		_ENTERCRITICAL 		CODE           	29E8	0000	26
		_XF_decrementAndQueueTimers		CODE           	19B8	0000	216
		_XF_unscheduleTimer		CODE           	2772	0000	60
		_XF_scheduleTimer		CODE           	200E	0000	140
		_LEAVECRITICAL 		CODE           	29CE	0000	26

xf/xf.c estimated size: 1426

main.c
		_main          		CODE           	284A	0000	48

main.c estimated size: 48

board/button/button.c
		_Button_read   		CODE           	1B58	0000	194
		_Button_init   		CODE           	28A6	0000	40
		_Button_getId  		CODE           	2AB2	0000	16
		_Button_initHW 		CODE           	2B42	0000	2

board/button/button.c estimated size: 252

C:\Program Files\Microchip\xc8\v2.35\pic\sources\c99\common\awmod.c
		___awmod       		CODE           	1D8A	0000	178

C:\Program Files\Microchip\xc8\v2.35\pic\sources\c99\common\awmod.c estimated size: 178

