Microchip MPLAB XC8 Compiler V2.36

Linker command line:

-W3 --edf=C:\Program Files\Microchip\xc8\v2.36\pic\dat\en_msgs.txt \
  -pivt0x8=08h -cn -h+dist/default/debug\steeringModule.debug.sym \
  --cmf=dist/default/debug\steeringModule.debug.cmf -z -Q18F26K83 \
  -oC:\Users\maxim\AppData\Local\Temp\xcAs103k.4 --defsym=__MPLAB_BUILD=1 \
  -Mdist/default/debug/steeringModule.debug.map \
  --md=C:\Users\maxim\AppData\Local\Temp\xcAs103k.dat -E1 -ver=XC8 Compiler \
  --acfsm=1493 -ACODE=00h-0FFFFh -ACONST=00h-0FFFFh \
  -ASMALLCONST=01000h-010FFhx240 -AMEDIUMCONST=01000h-0FFFFh \
  -ACOMRAM=01h-05Fh -AABS1=00h-0FFFh -ABIGRAM=01h-0FFFh \
  -ARAM=060h-0FFh,0100h-01FFhx15 -ABANK0=060h-0FFh -ABANK1=0100h-01FFh \
  -ABANK2=0200h-02FFh -ABANK3=0300h-03FFh -ABANK4=0400h-04FFh \
  -ABANK5=0500h-05FFh -ABANK6=0600h-06FFh -ABANK7=0700h-07FFh \
  -ABANK8=0800h-08FFh -ABANK9=0900h-09FFh -ABANK10=0A00h-0AFFh \
  -ABANK11=0B00h-0BFFh -ABANK12=0C00h-0CFFh -ABANK13=0D00h-0DFFh \
  -ABANK14=0E00h-0EFFh -ABANK15=0F00h-0FFFh \
  -ASFR=03700h-037FFhx8,03F00h-03F5Fh,03F60h-03FFFh -ABIGSFR=03700h-03FFFh \
  -ACONFIG=0300000h-0300009h -AIDLOC=0200000h-020000Fh \
  -AEEDATA=0310000h-03103FFh -peeprom_data=EEDATA -preset_vec=00h \
  -ppowerup=CODE,init -pramtop=01000h -psmallconst=SMALLCONST \
  -pmediumconst=MEDIUMCONST -pconst=CONST -AFARRAM=00h-00h \
  -prdata=COMRAM,nvrram=COMRAM,nvbit=COMRAM,rbss=COMRAM,rbit=COMRAM \
  -pfarbss=FARRAM,fardata=FARRAM,nvFARRAM=FARRAM \
  -pintsave_regs=BIGRAM,bigbss=BIGRAM,bigdata=BIGRAM -pbss=RAM \
  -pidata=CODE,irdata=CODE,ibigdata=CODE,ifardata=CODE -prparam=COMRAM \
  C:\Users\maxim\AppData\Local\Temp\xcAs103k.o \
  dist/default/debug\steeringModule.debug.o 

Object code version is 3.11

Machine type is 18F26K83



                Name                               Link     Load   Length Selector   Space Scale
C:\Users\maxim\AppData\Local\Temp\xcAs103k.o
                idloc                            200000   200000       10        0       5
                config                           300000   300000        A        0       4
                init                                 1A       1A        4        4       0
                reset_vec                             0        0        4        0       0
dist/default/debug\steeringModule.debug.o
                idloc                            200000   200000       10        0       5
                config                           300000   300000        A        0       4
                ivt0x8                                8        8       12        4       0
                text90                             34A8     34A8       16        4       0
                text89                             2E60     2E60       62        4       0
                text88                             3492     3492       16        4       0
                text87                             3134     3134       3C        4       0
                text86                             3460     3460       1A        4       0
                text85                             3446     3446       1A        4       0
                text84                             29E2     29E2       86        4       0
                text83                             23CC     23CC       B0        4       0
                text82                             1E3E     1E3E       F4        4       0
                text81                             2010     2010       D8        4       0
                text80                             359A     359A        2        4       0
                text79                             3212     3212       32        4       0
                text78                             2F82     2F82       5C        4       0
                text77                             31DE     31DE       34        4       0
                text76                             355C     355C        C        4       0
                text75                             3550     3550        C        4       0
                text74                             32F2     32F2       28        4       0
                text73                             3598     3598        2        4       0
                text72                             2DFC     2DFC       64        4       0
                text71                             32CA     32CA       28        4       0
                text70                             3596     3596        2        4       0
                text69                             34D2     34D2       14        4       0
                text68                             2AEC     2AEC       84        4       0
                text67                             3506     3506        E        4       0
                text66                             3544     3544        C        4       0
                text65                             3538     3538        C        4       0
                text64                             3074     3074       44        4       0
                text63                             352C     352C        C        4       0
                text62                             3520     3520        C        4       0
                text61                             252A     252A       AA        4       0
                text60                             3514     3514        C        4       0
                text59                             3364     3364       20        4       0
                text58                             2FDE     2FDE       4E        4       0
                text57                             1C0E     1C0E      134        4       0
                text56                             247C     247C       AE        4       0
                text55                             20E8     20E8       C2        4       0
                text54                             2D98     2D98       64        4       0
                text53                             30B8     30B8       40        4       0
                text52                             34BE     34BE       14        4       0
                text51                             33F6     33F6       1C        4       0
                text50                             33DA     33DA       1C        4       0
                text49                             33BE     33BE       1C        4       0
                text48                             33A2     33A2       1C        4       0
                text47                             342C     342C       1A        4       0
                text46                             3412     3412       1A        4       0
                text45                             28D0     28D0       8C        4       0
                text44                             231A     231A       B2        4       0
                text43                             1D42     1D42       FC        4       0
                text42                             21AA     21AA       BC        4       0
                text41                             283C     283C       94        4       0
                text40                             295C     295C       86        4       0
                text39                             2D34     2D34       64        4       0
                text38                             1936     1936      19A        4       0
                text37                             1526     1526      220        4       0
                text36                             3590     3590        4        4       0
                text35                             347A     347A       18        4       0
                text34                             2F22     2F22       60        4       0
                text33                             3340     3340       24        4       0
                text32                             3586     3586        A        4       0
                text31                             331A     331A       26        4       0
                text30                             357C     357C        A        4       0
                text29                             3572     3572        A        4       0
                text28                             3568     3568        A        4       0
                text27                             2C60     2C60       70        4       0
                text26                             3384     3384       1E        4       0
                text25                             2A68     2A68       84        4       0
                text24                             302C     302C       48        4       0
                text23                             34F6     34F6       10        4       0
                text22                             34E6     34E6       10        4       0
                text21                             2266     2266       B4        4       0
                text20                             2EC2     2EC2       60        4       0
                text19                             3274     3274       2C        4       0
                text18                              E00      E00      430        4       0
                text17                             32A0     32A0       2A        4       0
                text16                             27A8     27A8       94        4       0
                text15                             30F8     30F8       3C        4       0
                text14                             1AD0     1AD0      13E        4       0
                text13                             2B70     2B70       7C        4       0
                text12                             1230     1230      2F6        4       0
                text11                             1746     1746      1F0        4       0
                text10                             2712     2712       96        4       0
                text9                              31AA     31AA       34        4       0
                text8                              2678     2678       9A        4       0
                text7                              3594     3594        2        4       0
                text6                              25D4     25D4       A4        4       0
                text5                                1E       1E      94C        4       0
                text4                               96A      96A      496        4       0
                text3                              2CD0     2CD0       64        4       0
                text2                              2BEC     2BEC       74        4       0
                text1                              1F32     1F32       DE        4       0
                text0                              3244     3244       30        4       0
                cstackCOMRAM                          1        1       30        1       1
                cstackBANK0                          60       60       71       60       1
                bssBIGRAM                           1E9      1E9      13E      1E9       1
                bssBANK1                            100      100       E9      100       1
                bssBANK0                             D7       D7        1       60       1
                cinit                              3170     3170       3A        4       0
                nvBANK0                              D1       D1        6       60       1
                nvCOMRAM                             31       31        2        1       1

TOTAL           Name                               Link     Load   Length     Space
        CLASS   CODE           
                init                                 1A       1A        4         0
                reset_vec                             0        0        4         0
                ivt0x8                                8        8       12         0
                text90                             34A8     34A8       16         0
                text89                             2E60     2E60       62         0
                text88                             3492     3492       16         0
                text87                             3134     3134       3C         0
                text86                             3460     3460       1A         0
                text85                             3446     3446       1A         0
                text84                             29E2     29E2       86         0
                text83                             23CC     23CC       B0         0
                text82                             1E3E     1E3E       F4         0
                text81                             2010     2010       D8         0
                text80                             359A     359A        2         0
                text79                             3212     3212       32         0
                text78                             2F82     2F82       5C         0
                text77                             31DE     31DE       34         0
                text76                             355C     355C        C         0
                text75                             3550     3550        C         0
                text74                             32F2     32F2       28         0
                text73                             3598     3598        2         0
                text72                             2DFC     2DFC       64         0
                text71                             32CA     32CA       28         0
                text70                             3596     3596        2         0
                text69                             34D2     34D2       14         0
                text68                             2AEC     2AEC       84         0
                text67                             3506     3506        E         0
                text66                             3544     3544        C         0
                text65                             3538     3538        C         0
                text64                             3074     3074       44         0
                text63                             352C     352C        C         0
                text62                             3520     3520        C         0
                text61                             252A     252A       AA         0
                text60                             3514     3514        C         0
                text59                             3364     3364       20         0
                text58                             2FDE     2FDE       4E         0
                text57                             1C0E     1C0E      134         0
                text56                             247C     247C       AE         0
                text55                             20E8     20E8       C2         0
                text54                             2D98     2D98       64         0
                text53                             30B8     30B8       40         0
                text52                             34BE     34BE       14         0
                text51                             33F6     33F6       1C         0
                text50                             33DA     33DA       1C         0
                text49                             33BE     33BE       1C         0
                text48                             33A2     33A2       1C         0
                text47                             342C     342C       1A         0
                text46                             3412     3412       1A         0
                text45                             28D0     28D0       8C         0
                text44                             231A     231A       B2         0
                text43                             1D42     1D42       FC         0
                text42                             21AA     21AA       BC         0
                text41                             283C     283C       94         0
                text40                             295C     295C       86         0
                text39                             2D34     2D34       64         0
                text38                             1936     1936      19A         0
                text37                             1526     1526      220         0
                text36                             3590     3590        4         0
                text35                             347A     347A       18         0
                text34                             2F22     2F22       60         0
                text33                             3340     3340       24         0
                text32                             3586     3586        A         0
                text31                             331A     331A       26         0
                text30                             357C     357C        A         0
                text29                             3572     3572        A         0
                text28                             3568     3568        A         0
                text27                             2C60     2C60       70         0
                text26                             3384     3384       1E         0
                text25                             2A68     2A68       84         0
                text24                             302C     302C       48         0
                text23                             34F6     34F6       10         0
                text22                             34E6     34E6       10         0
                text21                             2266     2266       B4         0
                text20                             2EC2     2EC2       60         0
                text19                             3274     3274       2C         0
                text18                              E00      E00      430         0
                text17                             32A0     32A0       2A         0
                text16                             27A8     27A8       94         0
                text15                             30F8     30F8       3C         0
                text14                             1AD0     1AD0      13E         0
                text13                             2B70     2B70       7C         0
                text12                             1230     1230      2F6         0
                text11                             1746     1746      1F0         0
                text10                             2712     2712       96         0
                text9                              31AA     31AA       34         0
                text8                              2678     2678       9A         0
                text7                              3594     3594        2         0
                text6                              25D4     25D4       A4         0
                text5                                1E       1E      94C         0
                text4                               96A      96A      496         0
                text3                              2CD0     2CD0       64         0
                text2                              2BEC     2BEC       74         0
                text1                              1F32     1F32       DE         0
                text0                              3244     3244       30         0
                cinit                              3170     3170       3A         0

        CLASS   CONST          

        CLASS   SMALLCONST     

        CLASS   MEDIUMCONST    

        CLASS   COMRAM         
                cstackCOMRAM                          1        1       30         1
                nvCOMRAM                             31       31        2         1

        CLASS   ABS1           

        CLASS   BIGRAM         
                bssBIGRAM                           1E9      1E9      13E         1

        CLASS   RAM            

        CLASS   BANK0          
                cstackBANK0                          60       60       71         1
                bssBANK0                             D7       D7        1         1
                nvBANK0                              D1       D1        6         1

        CLASS   BANK1          
                bssBANK1                            100      100       E9         1

        CLASS   BANK2          

        CLASS   BANK3          

        CLASS   BANK4          

        CLASS   BANK5          

        CLASS   BANK6          

        CLASS   BANK7          

        CLASS   BANK8          

        CLASS   BANK9          

        CLASS   BANK10         

        CLASS   BANK11         

        CLASS   BANK12         

        CLASS   BANK13         

        CLASS   BANK14         

        CLASS   BANK15         

        CLASS   SFR            

        CLASS   BIGSFR         

        CLASS   CONFIG         
                config                           300000   300000        A         4

        CLASS   IDLOC          
                idloc                            200000   200000       10         5

        CLASS   EEDATA         

        CLASS   FARRAM         

        CLASS   HEAP           

        CLASS   STACK          



SEGMENTS        Name                           Load    Length   Top    Selector   Space  Class

                reset_vec                      000000  000004  000004         0       0  CODE    
                cstackCOMRAM                   000001  000032  000033         1       1  COMRAM  
                ivt0x8                         000008  003594  00359C         4       0  CODE    
                cstackBANK0                    000060  000078  0000D8        60       1  BANK0   
                bssBANK1                       000100  0000E9  0001E9       100       1  BANK1   
                bssBIGRAM                      0001E9  00013E  000327       1E9       1  BIGRAM  


UNUSED ADDRESS RANGES

        Name                Unused          Largest block    Delta
        BANK0            0000D8-0000FF               28
        BANK10           000A00-000AFF              100
        BANK11           000B00-000BFF              100
        BANK12           000C00-000CFF              100
        BANK13           000D00-000DFF              100
        BANK14           000E00-000EFF              100
        BANK15           000F00-000FFF              100
        BANK3            000327-0003FF               D9
        BANK4            000400-0004FF              100
        BANK5            000500-0005FF              100
        BANK6            000600-0006FF              100
        BANK7            000700-0007FF              100
        BANK8            000800-0008FF              100
        BANK9            000900-0009FF              100
        BIGRAM           000033-00005F               2D
                         0000D8-0000FF               28
                         000327-000FFF              CD9
        BIGSFR           003700-003FFF              900
        CODE             000004-000007                4
                         00359C-00FFFF             CA64
        COMRAM           000033-00005F               2D
        CONST            000004-000007                4
                         00359C-00FFFF             CA64
        EEDATA           310000-3103FF              400
        MEDIUMCONST      00359C-00FFFF             CA64
        RAM              0000D8-0000FF               28
                         000327-000FFF              100
        SFR              003700-003FFF              100
        SMALLCONST       00359C-00FFFF              100

                                  Symbol Table

?_Event_getData                                    cstackBANK0  000060
?_Event_getDelay                                   cstackBANK0  000060
?_XF_popEvent                                      cstackBANK0  000066
?___awmod                                          cstackBANK0  000060
?___wmul                                           cstackBANK0  000060
?_b                                                cstackBANK0  000060
?_blc                                              cstackBANK0  000060
?_bsm                                              cstackBANK0  000060
?_cc                                               cstackBANK0  000060
?_convertReg2ExtendedCANid                         cstackBANK0  000060
?_convertReg2StandardCANid                         cstackBANK0  000060
?_l                                                cstackBANK0  000060
?_sepos                                            cstackBANK0  000060
?_st                                               cstackBANK0  000060
?i2_Event_getDelay                                 cstackCOMRAM 000001
?i2___awmod                                        cstackCOMRAM 000001
BLControl_init@me                                  cstackBANK0  000062
BLControl_onButton@buttonId                        cstackBANK0  000068
BLControl_onButton@me                              cstackBANK0  000066
BLControl_onButton@pressed                         cstackBANK0  000069
ButtonSM_init@button                               cstackBANK0  000064
ButtonSM_init@me                                   cstackBANK0  000062
ButtonSM_processEvent@ev                           cstackBANK0  0000B1
ButtonSM_processEvent@me                           cstackBANK0  0000B6
ButtonSM_processEvent@oldState                     cstackBANK0  0000B5
ButtonSM_setObserver@me                            cstackBANK0  000062
ButtonSM_setObserver@observer                      cstackBANK0  000064
ButtonSM_setObserver@observerCB                    cstackBANK0  000066
ButtonSM_startBehaviour@me                         cstackBANK0  0000A9
Button_getId@me                                    cstackBANK0  000060
Button_init@id                                     cstackBANK0  000064
Button_init@isPullUp                               cstackBANK0  000065
Button_init@me                                     cstackBANK0  000062
Button_initHW@me                                   cstackBANK0  000062
Button_read@me                                     cstackBANK0  000060
Button_read@value                                  cstackBANK0  000064
CAN_receive@returnValue                            cstackBANK0  000075
CAN_receive@tempCanMsg                             cstackBANK0  000073
CAN_transmit@tempCanMsg                            cstackBANK0  000072
CAN_transmit@tempEIDH                              cstackBANK0  000077
CAN_transmit@tempEIDL                              cstackBANK0  000078
CAN_transmit@tempSIDH                              cstackBANK0  000079
CAN_transmit@tempSIDL                              cstackBANK0  00007A
DATAEE_ReadByte@bAdd                               cstackBANK0  000060
DATAEE_WriteByte@GIEBitValue                       cstackBANK0  000063
DATAEE_WriteByte@bAdd                              cstackBANK0  000060
DATAEE_WriteByte@bData                             cstackBANK0  000062
ENTERCRITICAL@inISR                                cstackBANK0  000060
Event_getData@me                                   cstackBANK0  000060
Event_getDelay@me                                  cstackBANK0  000060
Event_getId@me                                     cstackBANK0  000060
Event_init@me                                      cstackBANK0  000066
Event_setData@data                                 cstackBANK0  000062
Event_setData@me                                   cstackBANK0  000060
Event_setDelay@delay                               cstackBANK0  000062
Event_setDelay@me                                  cstackBANK0  000060
Event_setId@eventID                                cstackBANK0  000062
Event_setId@me                                     cstackBANK0  000060
Event_setPE@me                                     cstackBANK0  000060
Event_setPE@processEvent                           cstackBANK0  000062
Event_setTarget@me                                 cstackBANK0  000060
Event_setTarget@target                             cstackBANK0  000062
IVTBASEH                                           (abs)        003FD6
IVTBASEL                                           (abs)        003FD5
IVTBASEU                                           (abs)        003FD7
LEAVECRITICAL@inISR                                cstackBANK0  000060
LED_init@id                                        cstackBANK0  000064
LED_init@me                                        cstackBANK0  000062
LED_initHW@me                                      cstackBANK0  000066
LED_off@me                                         cstackBANK0  000062
LED_on@me                                          cstackBANK0  000062
POST@data                                          cstackBANK0  000091
POST@delay                                         cstackBANK0  00008F
POST@ev                                            cstackBANK0  00009A
POST@id                                            cstackBANK0  00008E
POST@processEvent                                  cstackBANK0  00008C
POST@target                                        cstackBANK0  00008A
POST@tmid                                          cstackBANK0  000099
TMR0_SetInterruptHandler@InterruptHandler          cstackBANK0  000060
UART1_SetErrorHandler@interruptHandler             cstackBANK0  000060
UART1_SetFramingErrorHandler@interruptHandler      cstackBANK0  000060
UART1_SetOverrunErrorHandler@interruptHandler      cstackBANK0  000060
XF_decrementAndQueueTimers@dummy                   cstackCOMRAM 00002D
XF_decrementAndQueueTimers@i                       cstackCOMRAM 00002E
XF_executeOnce@ev                                  cstackBANK0  0000C2
XF_init@i                                          cstackBANK0  000068
XF_popEvent@ev                                     cstackBANK0  000078
XF_popEvent@inISR                                  cstackBANK0  000077
XF_pushEvent@ev                                    cstackBANK0  000074
XF_pushEvent@inISR                                 cstackBANK0  000083
XF_pushEvent@temp                                  cstackBANK0  000089
XF_pushEvent@tm                                    cstackBANK0  000087
XF_pushEvent@tmid                                  cstackBANK0  000084
XF_scheduleTimer@ev                                cstackBANK0  000063
XF_scheduleTimer@i                                 cstackBANK0  000073
XF_scheduleTimer@inISR                             cstackBANK0  000072
XF_scheduleTimer@tm                                cstackBANK0  000061
XF_unscheduleTimer@id                              cstackCOMRAM 000004
XF_unscheduleTimer@inISR                           cstackCOMRAM 000003
_ANSELA                                            (abs)        003A40
_ANSELB                                            (abs)        003A50
_ANSELC                                            (abs)        003A60
_BLControl_init                                    text73       003598
_BLControl_onButton                                text24       00302C
_BRGCON1                                           (abs)        003703
_BRGCON2                                           (abs)        003704
_BRGCON3                                           (abs)        003705
_ButtonSM_init                                     text72       002DFC
_ButtonSM_processEvent                             text4        00096A
_ButtonSM_setObserver                              text77       0031DE
_ButtonSM_startBehaviour                           text41       00283C
_ButtonSM_startBehaviour$212                       cstackBANK0  0000AB
_Button_getId                                      text23       0034F6
_Button_init                                       text71       0032CA
_Button_initHW                                     text70       003596
_Button_read                                       text55       0020E8
_CANCON                                            (abs)        003F8F
_CANRXPPS                                          (abs)        003AED
_CANSTAT                                           (abs)        003F8E
_CAN_receive                                       text12       001230
_CAN_transmit                                      text18       000E00
_CIOCON                                            (abs)        003700
_COMSTATbits                                       (abs)        003F90
_DATAEE_ReadByte                                   text59       003364
_DATAEE_WriteByte                                  text58       002FDE
_ECANCON                                           (abs)        003F91
_ECAN_Initialize                                   text37       001526
_ENTERCRITICAL                                     text47       00342C
_Event_getData                                     text20       002EC2
_Event_getDelay                                    text49       0033BE
_Event_getId                                       text22       0034E6
_Event_init                                        text54       002D98
_Event_setData                                     text53       0030B8
_Event_setDelay                                    text48       0033A2
_Event_setId                                       text52       0034BE
_Event_setPE                                       text51       0033F6
_Event_setTarget                                   text50       0033DA
_Factory_build                                     text74       0032F2
_Factory_init                                      text56       00247C
_Factory_start                                     text39       002D34
_INLVLA                                            (abs)        003A44
_INLVLB                                            (abs)        003A54
_INLVLC                                            (abs)        003A64
_INLVLE                                            (abs)        003A84
_INTCON0bits                                       (abs)        003FD2
_INTERRUPT_Initialize                              text36       003590
_INTERRUPT_InterruptManager                        text78       002F82
_LATA                                              (abs)        003FBA
_LATB                                              (abs)        003FBB
_LATBbits                                          (abs)        003FBB
_LATC                                              (abs)        003FBC
_LEAVECRITICAL                                     text46       003412
_LED_init                                          text69       0034D2
_LED_initHW                                        text67       003506
_LED_off                                           text68       002AEC
_LED_on                                            text25       002A68
_NVMADRH                                           (abs)        0039E1
_NVMADRL                                           (abs)        0039E0
_NVMCON1bits                                       (abs)        0039E5
_NVMCON2                                           (abs)        0039E6
_NVMDAT                                            (abs)        0039E3
_ODCONA                                            (abs)        003A42
_ODCONB                                            (abs)        003A52
_ODCONC                                            (abs)        003A62
_OSCCON1                                           (abs)        0039D9
_OSCCON3                                           (abs)        0039DB
_OSCEN                                             (abs)        0039DD
_OSCFRQ                                            (abs)        0039DF
_OSCILLATOR_Initialize                             text35       00347A
_OSCTUNE                                           (abs)        0039DE
_PIE3bits                                          (abs)        003993
_PIE5bits                                          (abs)        003995
_PIN_MANAGER_Initialize                            text34       002F22
_PIR0bits                                          (abs)        0039A0
_PIR3bits                                          (abs)        0039A3
_PIR5bits                                          (abs)        0039A5
_PMD0                                              (abs)        0039C0
_PMD1                                              (abs)        0039C1
_PMD2                                              (abs)        0039C2
_PMD3                                              (abs)        0039C3
_PMD4                                              (abs)        0039C4
_PMD5                                              (abs)        0039C5
_PMD6                                              (abs)        0039C6
_PMD7                                              (abs)        0039C7
_PMD_Initialize                                    text33       003340
_PORTCbits                                         (abs)        003FCC
_POST                                              text42       0021AA
_RB2PPS                                            (abs)        003A0A
_RC5PPS                                            (abs)        003A15
_RXB0CONbits                                       (abs)        003F80
_RXB0D0                                            (abs)        003F86
_RXB0D1                                            (abs)        003F87
_RXB0D2                                            (abs)        003F88
_RXB0D3                                            (abs)        003F89
_RXB0D4                                            (abs)        003F8A
_RXB0D5                                            (abs)        003F8B
_RXB0D6                                            (abs)        003F8C
_RXB0D7                                            (abs)        003F8D
_RXB0DLC                                           (abs)        003F85
_RXB0EIDH                                          (abs)        003F83
_RXB0EIDL                                          (abs)        003F84
_RXB0SIDH                                          (abs)        003F81
_RXB0SIDL                                          (abs)        003F82
_RXB1CONbits                                       (abs)        0037F0
_RXB1D0                                            (abs)        0037F6
_RXB1D1                                            (abs)        0037F7
_RXB1D2                                            (abs)        0037F8
_RXB1D3                                            (abs)        0037F9
_RXB1D4                                            (abs)        0037FA
_RXB1D5                                            (abs)        0037FB
_RXB1D6                                            (abs)        0037FC
_RXB1D7                                            (abs)        0037FD
_RXB1DLC                                           (abs)        0037F5
_RXB1EIDH                                          (abs)        0037F3
_RXB1EIDL                                          (abs)        0037F4
_RXB1SIDH                                          (abs)        0037F1
_RXB1SIDL                                          (abs)        0037F2
_RXF0EIDH                                          (abs)        0037A2
_RXF0EIDL                                          (abs)        0037A3
_RXF0SIDH                                          (abs)        0037A0
_RXF0SIDL                                          (abs)        0037A1
_RXF1EIDH                                          (abs)        0037A6
_RXF1EIDL                                          (abs)        0037A7
_RXF1SIDH                                          (abs)        0037A4
_RXF1SIDL                                          (abs)        0037A5
_RXF2EIDH                                          (abs)        0037AA
_RXF2EIDL                                          (abs)        0037AB
_RXF2SIDH                                          (abs)        0037A8
_RXF2SIDL                                          (abs)        0037A9
_RXF3EIDH                                          (abs)        0037AE
_RXF3EIDL                                          (abs)        0037AF
_RXF3SIDH                                          (abs)        0037AC
_RXF3SIDL                                          (abs)        0037AD
_RXF4EIDH                                          (abs)        0037B2
_RXF4EIDL                                          (abs)        0037B3
_RXF4SIDH                                          (abs)        0037B0
_RXF4SIDL                                          (abs)        0037B1
_RXF5EIDH                                          (abs)        0037B6
_RXF5EIDL                                          (abs)        0037B7
_RXF5SIDH                                          (abs)        0037B4
_RXF5SIDL                                          (abs)        0037B5
_RXM0EIDH                                          (abs)        0037BA
_RXM0EIDL                                          (abs)        0037BB
_RXM0SIDH                                          (abs)        0037B8
_RXM0SIDL                                          (abs)        0037B9
_RXM1EIDH                                          (abs)        0037BE
_RXM1EIDL                                          (abs)        0037BF
_RXM1SIDH                                          (abs)        0037BC
_RXM1SIDL                                          (abs)        0037BD
_SLRCONA                                           (abs)        003A43
_SLRCONB                                           (abs)        003A53
_SLRCONC                                           (abs)        003A63
_SYSTEM_Initialize                                 text26       003384
_T0CON0                                            (abs)        003FB8
_T0CON0bits                                        (abs)        003FB8
_T0CON1                                            (abs)        003FB9
_TABLAT                                            (abs)        003FF5
_TBLPTRH                                           (abs)        003FF7
_TBLPTRL                                           (abs)        003FF6
_TBLPTRU                                           (abs)        003FF8
_TMR0H                                             (abs)        003FB7
_TMR0L                                             (abs)        003FB6
_TMR0_DefaultInterruptHandler                      text80       00359A
_TMR0_ISR                                          text79       003212
_TMR0_Initialize                                   text31       00331A
_TMR0_InterruptHandler                             nvCOMRAM     000031
_TMR0_SetInterruptHandler                          text32       003586
_TRISA                                             (abs)        003FC2
_TRISB                                             (abs)        003FC3
_TRISC                                             (abs)        003FC4
_TXB0CONbits                                       (abs)        0037E0
_TXB0D0                                            (abs)        0037E6
_TXB0D1                                            (abs)        0037E7
_TXB0D2                                            (abs)        0037E8
_TXB0D3                                            (abs)        0037E9
_TXB0D4                                            (abs)        0037EA
_TXB0D5                                            (abs)        0037EB
_TXB0D6                                            (abs)        0037EC
_TXB0D7                                            (abs)        0037ED
_TXB0DLC                                           (abs)        0037E5
_TXB0EIDH                                          (abs)        0037E3
_TXB0EIDL                                          (abs)        0037E4
_TXB0SIDH                                          (abs)        0037E1
_TXB0SIDL                                          (abs)        0037E2
_TXB1CONbits                                       (abs)        0037D0
_TXB1D0                                            (abs)        0037D6
_TXB1D1                                            (abs)        0037D7
_TXB1D2                                            (abs)        0037D8
_TXB1D3                                            (abs)        0037D9
_TXB1D4                                            (abs)        0037DA
_TXB1D5                                            (abs)        0037DB
_TXB1D6                                            (abs)        0037DC
_TXB1D7                                            (abs)        0037DD
_TXB1DLC                                           (abs)        0037D5
_TXB1EIDH                                          (abs)        0037D3
_TXB1EIDL                                          (abs)        0037D4
_TXB1SIDH                                          (abs)        0037D1
_TXB1SIDL                                          (abs)        0037D2
_TXB2CONbits                                       (abs)        0037C0
_TXB2D0                                            (abs)        0037C6
_TXB2D1                                            (abs)        0037C7
_TXB2D2                                            (abs)        0037C8
_TXB2D3                                            (abs)        0037C9
_TXB2D4                                            (abs)        0037CA
_TXB2D5                                            (abs)        0037CB
_TXB2D6                                            (abs)        0037CC
_TXB2D7                                            (abs)        0037CD
_TXB2DLC                                           (abs)        0037C5
_TXB2EIDH                                          (abs)        0037C3
_TXB2EIDL                                          (abs)        0037C4
_TXB2SIDH                                          (abs)        0037C1
_TXB2SIDL                                          (abs)        0037C2
_U1BRGH                                            (abs)        003DF6
_U1BRGL                                            (abs)        003DF5
_U1CON0                                            (abs)        003DF2
_U1CON0bits                                        (abs)        003DF2
_U1CON1                                            (abs)        003DF3
_U1CON2                                            (abs)        003DF4
_U1ERRIE                                           (abs)        003DFA
_U1ERRIR                                           (abs)        003DF9
_U1ERRIRbits                                       (abs)        003DF9
_U1FIFO                                            (abs)        003DF7
_U1P1H                                             (abs)        003DED
_U1P1L                                             (abs)        003DEC
_U1P2H                                             (abs)        003DEF
_U1P2L                                             (abs)        003DEE
_U1P3H                                             (abs)        003DF1
_U1P3L                                             (abs)        003DF0
_U1RXB                                             (abs)        003DE8
_U1RXPPS                                           (abs)        003AE7
_U1TXB                                             (abs)        003DEA
_U1UIR                                             (abs)        003DF8
_UART1_DefaultErrorHandler                         (abs)        000000
_UART1_DefaultFramingErrorHandler                  (abs)        000000
_UART1_DefaultOverrunErrorHandler                  (abs)        000000
_UART1_ErrorHandler                                nvBANK0      0000D1
_UART1_FramingErrorHandler                         nvBANK0      0000D5
_UART1_Initialize                                  text27       002C60
_UART1_OverrunErrorHandler                         nvBANK0      0000D3
_UART1_SetErrorHandler                             text30       00357C
_UART1_SetFramingErrorHandler                      text29       003572
_UART1_SetOverrunErrorHandler                      text28       003568
_WPUA                                              (abs)        003A41
_WPUB                                              (abs)        003A51
_WPUC                                              (abs)        003A61
_WPUE                                              (abs)        003A81
_XF_decrementAndQueueTimers                        text81       002010
_XF_executeOnce                                    text2        002BEC
_XF_init                                           text1        001F32
_XF_popEvent                                       text21       002266
_XF_pushEvent                                      text43       001D42
_XF_scheduleTimer                                  text45       0028D0
_XF_unscheduleTimer                                text87       003134
__HRAM                                             (abs)        000000
__Habs1                                            abs1         000000
__Hbank0                                           bank0        000000
__Hbank1                                           bank1        000000
__Hbank10                                          bank10       000000
__Hbank11                                          bank11       000000
__Hbank12                                          bank12       000000
__Hbank13                                          bank13       000000
__Hbank14                                          bank14       000000
__Hbank15                                          bank15       000000
__Hbank2                                           bank2        000000
__Hbank3                                           bank3        000000
__Hbank4                                           bank4        000000
__Hbank5                                           bank5        000000
__Hbank6                                           bank6        000000
__Hbank7                                           bank7        000000
__Hbank8                                           bank8        000000
__Hbank9                                           bank9        000000
__Hbigbss                                          bigbss       000000
__Hbigdata                                         bigdata      000000
__Hbigram                                          bigram       000000
__Hbigsfr                                          bigsfr       000000
__Hbss                                             bss          000000
__HbssBANK0                                        bssBANK0     000000
__HbssBANK1                                        bssBANK1     000000
__HbssBIGRAM                                       bssBIGRAM    000000
__Hcinit                                           cinit        000000
__Hclrtext                                         clrtext      000000
__Hcomram                                          comram       000000
__Hconfig                                          config       30000A
__Hconst                                           const        000000
__HcstackBANK0                                     cstackBANK0  000000
__HcstackCOMRAM                                    cstackCOMRAM 000000
__Hdata                                            data         000000
__Heeprom_data                                     eeprom_data  000000
__Hfarbss                                          farbss       000000
__Hfardata                                         fardata      000000
__Hheap                                            heap         000000
__Hibigdata                                        ibigdata     000000
__Hidata                                           idata        000000
__Hidloc                                           idloc        200010
__Hifardata                                        ifardata     000000
__Hinit                                            init         00001E
__Hintsave_regs                                    intsave_regs 000000
__Hirdata                                          irdata       000000
__Hivt0x8                                          ivt0x8       00001A
__Hmediumconst                                     mediumconst  000000
__HnvBANK0                                         nvBANK0      000000
__HnvCOMRAM                                        nvCOMRAM     000000
__HnvFARRAM                                        nvFARRAM     000000
__Hnvbit                                           nvbit        000000
__Hnvrram                                          nvrram       000000
__Hparam                                           rparam       000000
__Hpowerup                                         powerup      000000
__Hram                                             ram          000000
__Hramtop                                          ramtop       001000
__Hrbit                                            rbit         000000
__Hrbss                                            rbss         000000
__Hrdata                                           rdata        000000
__Hreset_vec                                       reset_vec    000004
__Hrparam                                          rparam       000000
__Hsfr                                             sfr          000000
__Hsmallconst                                      smallconst   000000
__Hspace_0                                         (abs)        00359C
__Hspace_1                                         (abs)        000327
__Hspace_2                                         (abs)        000000
__Hspace_4                                         (abs)        60000A
__Hstack                                           stack        000000
__Hstruct                                          struct       000000
__Htemp                                            temp         000000
__Htext                                            text         000000
__Htext0                                           text0        000000
__Htext1                                           text1        000000
__Htext10                                          text10       000000
__Htext11                                          text11       000000
__Htext12                                          text12       000000
__Htext13                                          text13       000000
__Htext14                                          text14       000000
__Htext15                                          text15       000000
__Htext16                                          text16       000000
__Htext17                                          text17       000000
__Htext18                                          text18       000000
__Htext19                                          text19       000000
__Htext2                                           text2        000000
__Htext20                                          text20       000000
__Htext21                                          text21       000000
__Htext22                                          text22       000000
__Htext23                                          text23       000000
__Htext24                                          text24       000000
__Htext25                                          text25       000000
__Htext26                                          text26       000000
__Htext27                                          text27       000000
__Htext28                                          text28       000000
__Htext29                                          text29       000000
__Htext3                                           text3        000000
__Htext30                                          text30       000000
__Htext31                                          text31       000000
__Htext32                                          text32       000000
__Htext33                                          text33       000000
__Htext34                                          text34       000000
__Htext35                                          text35       000000
__Htext36                                          text36       000000
__Htext37                                          text37       000000
__Htext38                                          text38       000000
__Htext39                                          text39       000000
__Htext4                                           text4        000000
__Htext40                                          text40       000000
__Htext41                                          text41       000000
__Htext42                                          text42       000000
__Htext43                                          text43       000000
__Htext44                                          text44       000000
__Htext45                                          text45       000000
__Htext46                                          text46       000000
__Htext47                                          text47       000000
__Htext48                                          text48       000000
__Htext49                                          text49       000000
__Htext5                                           text5        000000
__Htext50                                          text50       000000
__Htext51                                          text51       000000
__Htext52                                          text52       000000
__Htext53                                          text53       000000
__Htext54                                          text54       000000
__Htext55                                          text55       000000
__Htext56                                          text56       000000
__Htext57                                          text57       000000
__Htext58                                          text58       000000
__Htext59                                          text59       000000
__Htext6                                           text6        000000
__Htext60                                          text60       000000
__Htext61                                          text61       000000
__Htext62                                          text62       000000
__Htext63                                          text63       000000
__Htext64                                          text64       000000
__Htext65                                          text65       000000
__Htext66                                          text66       000000
__Htext67                                          text67       000000
__Htext68                                          text68       000000
__Htext69                                          text69       000000
__Htext7                                           text7        000000
__Htext70                                          text70       000000
__Htext71                                          text71       000000
__Htext72                                          text72       000000
__Htext73                                          text73       000000
__Htext74                                          text74       000000
__Htext75                                          text75       000000
__Htext76                                          text76       000000
__Htext77                                          text77       000000
__Htext78                                          text78       000000
__Htext79                                          text79       000000
__Htext8                                           text8        000000
__Htext80                                          text80       000000
__Htext81                                          text81       000000
__Htext82                                          text82       000000
__Htext83                                          text83       000000
__Htext84                                          text84       000000
__Htext85                                          text85       000000
__Htext86                                          text86       000000
__Htext87                                          text87       000000
__Htext88                                          text88       000000
__Htext89                                          text89       000000
__Htext9                                           text9        000000
__Htext90                                          text90       000000
__Htext91                                          text91       000000
__LRAM                                             (abs)        000001
__Labs1                                            abs1         000000
__Lbank0                                           bank0        000000
__Lbank1                                           bank1        000000
__Lbank10                                          bank10       000000
__Lbank11                                          bank11       000000
__Lbank12                                          bank12       000000
__Lbank13                                          bank13       000000
__Lbank14                                          bank14       000000
__Lbank15                                          bank15       000000
__Lbank2                                           bank2        000000
__Lbank3                                           bank3        000000
__Lbank4                                           bank4        000000
__Lbank5                                           bank5        000000
__Lbank6                                           bank6        000000
__Lbank7                                           bank7        000000
__Lbank8                                           bank8        000000
__Lbank9                                           bank9        000000
__Lbigbss                                          bigbss       000000
__Lbigdata                                         bigdata      000000
__Lbigram                                          bigram       000000
__Lbigsfr                                          bigsfr       000000
__Lbss                                             bss          000000
__LbssBANK0                                        bssBANK0     000000
__LbssBANK1                                        bssBANK1     000000
__LbssBIGRAM                                       bssBIGRAM    000000
__Lcinit                                           cinit        000000
__Lclrtext                                         clrtext      000000
__Lcomram                                          comram       000000
__Lconfig                                          config       000000
__Lconst                                           const        000000
__LcstackBANK0                                     cstackBANK0  000000
__LcstackCOMRAM                                    cstackCOMRAM 000000
__Ldata                                            data         000000
__Leeprom_data                                     eeprom_data  000000
__Lfarbss                                          farbss       000000
__Lfardata                                         fardata      000000
__Lheap                                            heap         000000
__Libigdata                                        ibigdata     000000
__Lidata                                           idata        000000
__Lidloc                                           idloc        000000
__Lifardata                                        ifardata     000000
__Linit                                            init         00001A
__Lintsave_regs                                    intsave_regs 000000
__Lirdata                                          irdata       000000
__Livt0x8                                          ivt0x8       000008
__Lmediumconst                                     mediumconst  000000
__LnvBANK0                                         nvBANK0      000000
__LnvCOMRAM                                        nvCOMRAM     000000
__LnvFARRAM                                        nvFARRAM     000000
__Lnvbit                                           nvbit        000000
__Lnvrram                                          nvrram       000000
__Lparam                                           rparam       000000
__Lpowerup                                         powerup      000000
__Lram                                             ram          000000
__Lramtop                                          ramtop       001000
__Lrbit                                            rbit         000000
__Lrbss                                            rbss         000000
__Lrdata                                           rdata        000000
__Lreset_vec                                       reset_vec    000000
__Lrparam                                          rparam       000000
__Lsfr                                             sfr          000000
__Lsmallconst                                      smallconst   000000
__Lspace_0                                         (abs)        000000
__Lspace_1                                         (abs)        000000
__Lspace_2                                         (abs)        000000
__Lspace_4                                         (abs)        000000
__Lstack                                           stack        000000
__Lstruct                                          struct       000000
__Ltemp                                            temp         000000
__Ltext                                            text         000000
__Ltext0                                           text0        000000
__Ltext1                                           text1        000000
__Ltext10                                          text10       000000
__Ltext11                                          text11       000000
__Ltext12                                          text12       000000
__Ltext13                                          text13       000000
__Ltext14                                          text14       000000
__Ltext15                                          text15       000000
__Ltext16                                          text16       000000
__Ltext17                                          text17       000000
__Ltext18                                          text18       000000
__Ltext19                                          text19       000000
__Ltext2                                           text2        000000
__Ltext20                                          text20       000000
__Ltext21                                          text21       000000
__Ltext22                                          text22       000000
__Ltext23                                          text23       000000
__Ltext24                                          text24       000000
__Ltext25                                          text25       000000
__Ltext26                                          text26       000000
__Ltext27                                          text27       000000
__Ltext28                                          text28       000000
__Ltext29                                          text29       000000
__Ltext3                                           text3        000000
__Ltext30                                          text30       000000
__Ltext31                                          text31       000000
__Ltext32                                          text32       000000
__Ltext33                                          text33       000000
__Ltext34                                          text34       000000
__Ltext35                                          text35       000000
__Ltext36                                          text36       000000
__Ltext37                                          text37       000000
__Ltext38                                          text38       000000
__Ltext39                                          text39       000000
__Ltext4                                           text4        000000
__Ltext40                                          text40       000000
__Ltext41                                          text41       000000
__Ltext42                                          text42       000000
__Ltext43                                          text43       000000
__Ltext44                                          text44       000000
__Ltext45                                          text45       000000
__Ltext46                                          text46       000000
__Ltext47                                          text47       000000
__Ltext48                                          text48       000000
__Ltext49                                          text49       000000
__Ltext5                                           text5        000000
__Ltext50                                          text50       000000
__Ltext51                                          text51       000000
__Ltext52                                          text52       000000
__Ltext53                                          text53       000000
__Ltext54                                          text54       000000
__Ltext55                                          text55       000000
__Ltext56                                          text56       000000
__Ltext57                                          text57       000000
__Ltext58                                          text58       000000
__Ltext59                                          text59       000000
__Ltext6                                           text6        000000
__Ltext60                                          text60       000000
__Ltext61                                          text61       000000
__Ltext62                                          text62       000000
__Ltext63                                          text63       000000
__Ltext64                                          text64       000000
__Ltext65                                          text65       000000
__Ltext66                                          text66       000000
__Ltext67                                          text67       000000
__Ltext68                                          text68       000000
__Ltext69                                          text69       000000
__Ltext7                                           text7        000000
__Ltext70                                          text70       000000
__Ltext71                                          text71       000000
__Ltext72                                          text72       000000
__Ltext73                                          text73       000000
__Ltext74                                          text74       000000
__Ltext75                                          text75       000000
__Ltext76                                          text76       000000
__Ltext77                                          text77       000000
__Ltext78                                          text78       000000
__Ltext79                                          text79       000000
__Ltext8                                           text8        000000
__Ltext80                                          text80       000000
__Ltext81                                          text81       000000
__Ltext82                                          text82       000000
__Ltext83                                          text83       000000
__Ltext84                                          text84       000000
__Ltext85                                          text85       000000
__Ltext86                                          text86       000000
__Ltext87                                          text87       000000
__Ltext88                                          text88       000000
__Ltext89                                          text89       000000
__Ltext9                                           text9        000000
__Ltext90                                          text90       000000
__Ltext91                                          text91       000000
__S0                                               (abs)        00359C
__S1                                               (abs)        000327
__S4                                               (abs)        000000
__S5                                               (abs)        000000
___awmod                                           text44       00231A
___awmod@counter                                   cstackBANK0  000064
___awmod@dividend                                  cstackBANK0  000060
___awmod@divisor                                   cstackBANK0  000062
___awmod@sign                                      cstackBANK0  000065
___heap_hi                                         (abs)        000000
___heap_lo                                         (abs)        000000
___inthi_sp                                        stack        000000
___intlo_sp                                        stack        000000
___param_bank                                      (abs)        000000
___rparam_used                                     (abs)        000001
___sp                                              stack        000000
___wmul                                            text19       003274
___wmul@multiplicand                               cstackBANK0  000062
___wmul@multiplier                                 cstackBANK0  000060
___wmul@product                                    cstackBANK0  000064
__accesstop                                        (abs)        000060
__activetblptr                                     (abs)        000002
__end_of_BLControl_init                            text73       00359A
__end_of_BLControl_onButton                        text24       003074
__end_of_ButtonSM_init                             text72       002E60
__end_of_ButtonSM_processEvent                     text4        000E00
__end_of_ButtonSM_setObserver                      text77       003212
__end_of_ButtonSM_startBehaviour                   text41       0028D0
__end_of_Button_getId                              text23       003506
__end_of_Button_init                               text71       0032F2
__end_of_Button_initHW                             text70       003598
__end_of_Button_read                               text55       0021AA
__end_of_CAN_receive                               text12       001526
__end_of_CAN_transmit                              text18       001230
__end_of_DATAEE_ReadByte                           text59       003384
__end_of_DATAEE_WriteByte                          text58       00302C
__end_of_ECAN_Initialize                           text37       001746
__end_of_ENTERCRITICAL                             text47       003446
__end_of_Event_getData                             text20       002F22
__end_of_Event_getDelay                            text49       0033DA
__end_of_Event_getId                               text22       0034F6
__end_of_Event_init                                text54       002DFC
__end_of_Event_setData                             text53       0030F8
__end_of_Event_setDelay                            text48       0033BE
__end_of_Event_setId                               text52       0034D2
__end_of_Event_setPE                               text51       003412
__end_of_Event_setTarget                           text50       0033F6
__end_of_Factory_build                             text74       00331A
__end_of_Factory_init                              text56       00252A
__end_of_Factory_start                             text39       002D98
__end_of_INTERRUPT_Initialize                      text36       003594
__end_of_INTERRUPT_InterruptManager                text78       002FDE
__end_of_LEAVECRITICAL                             text46       00342C
__end_of_LED_init                                  text69       0034E6
__end_of_LED_initHW                                text67       003514
__end_of_LED_off                                   text68       002B70
__end_of_LED_on                                    text25       002AEC
__end_of_OSCILLATOR_Initialize                     text35       003492
__end_of_PIN_MANAGER_Initialize                    text34       002F82
__end_of_PMD_Initialize                            text33       003364
__end_of_POST                                      text42       002266
__end_of_SYSTEM_Initialize                         text26       0033A2
__end_of_TMR0_DefaultInterruptHandler              text80       00359C
__end_of_TMR0_ISR                                  text79       003244
__end_of_TMR0_Initialize                           text31       003340
__end_of_TMR0_SetInterruptHandler                  text32       003590
__end_of_UART1_Initialize                          text27       002CD0
__end_of_UART1_SetErrorHandler                     text30       003586
__end_of_UART1_SetFramingErrorHandler              text29       00357C
__end_of_UART1_SetOverrunErrorHandler              text28       003572
__end_of_XF_decrementAndQueueTimers                text81       0020E8
__end_of_XF_executeOnce                            text2        002C60
__end_of_XF_init                                   text1        002010
__end_of_XF_popEvent                               text21       00231A
__end_of_XF_pushEvent                              text43       001E3E
__end_of_XF_scheduleTimer                          text45       00295C
__end_of_XF_unscheduleTimer                        text87       003170
__end_of___awmod                                   text44       0023CC
__end_of___wmul                                    text19       0032A0
__end_of__initialization                           cinit        0031A0
__end_of_b                                         text66       003550
__end_of_blc                                       text76       003568
__end_of_bsm                                       text75       00355C
__end_of_cc                                        text65       003544
__end_of_commControl_init                          text64       0030B8
__end_of_commControl_processEvent                  text5        00096A
__end_of_commControl_startBehaviour                text40       0029E2
__end_of_convertCANid2Reg                          text38       001AD0
__end_of_convertReg2ExtendedCANid                  text14       001C0E
__end_of_convertReg2StandardCANid                  text13       002BEC
__end_of_factory_toggleLed                         text3        002D34
__end_of_getCenterFrame                            text16       00283C
__end_of_getPositionFrame                          text15       003134
__end_of_l                                         text63       003538
__end_of_main                                      text0        003274
__end_of_readCANFrame                              text11       001936
__end_of_sendAliveFrame                            text10       0027A8
__end_of_sepos                                     text62       00352C
__end_of_sepos_init                                text61       0025D4
__end_of_setCenter                                 text8        002712
__end_of_setPosition                               text7        003596
__end_of_st                                        text60       003520
__end_of_steeringSetup                             text6        002678
__end_of_store_init                                text57       001D42
__end_of_store_read                                text17       0032CA
__end_of_store_write                               text9        0031DE
__end_ofi2_ENTERCRITICAL                           text90       0034BE
__end_ofi2_Event_getDelay                          text86       00347A
__end_ofi2_Event_init                              text89       002EC2
__end_ofi2_Event_setDelay                          text85       003460
[...]
__ptext27                                          text27       002C60
__ptext28                                          text28       003568
__ptext29                                          text29       003572
__ptext3                                           text3        002CD0
__ptext30                                          text30       00357C
__ptext31                                          text31       00331A
__ptext32                                          text32       003586
__ptext33                                          text33       003340
__ptext34                                          text34       002F22
__ptext35                                          text35       00347A
__ptext36                                          text36       003590
__ptext37                                          text37       001526
__ptext38                                          text38       001936
__ptext39                                          text39       002D34
__ptext4                                           text4        00096A
__ptext40                                          text40       00295C
__ptext41                                          text41       00283C
__ptext42                                          text42       0021AA
__ptext43                                          text43       001D42
__ptext44                                          text44       00231A
__ptext45                                          text45       0028D0
__ptext46                                          text46       003412
__ptext47                                          text47       00342C
__ptext48                                          text48       0033A2
__ptext49                                          text49       0033BE
__ptext5                                           text5        00001E
__ptext50                                          text50       0033DA
__ptext51                                          text51       0033F6
__ptext52                                          text52       0034BE
__ptext53                                          text53       0030B8
__ptext54                                          text54       002D98
__ptext55                                          text55       0020E8
__ptext56                                          text56       00247C
__ptext57                                          text57       001C0E
__ptext58                                          text58       002FDE
__ptext59                                          text59       003364
__ptext6                                           text6        0025D4
__ptext60                                          text60       003514
__ptext61                                          text61       00252A
__ptext62                                          text62       003520
__ptext63                                          text63       00352C
__ptext64                                          text64       003074
__ptext65                                          text65       003538
__ptext66                                          text66       003544
__ptext67                                          text67       003506
__ptext68                                          text68       002AEC
__ptext69                                          text69       0034D2
__ptext7                                           text7        003594
__ptext70                                          text70       003596
__ptext71                                          text71       0032CA
__ptext72                                          text72       002DFC
__ptext73                                          text73       003598
__ptext74                                          text74       0032F2
__ptext75                                          text75       003550
__ptext76                                          text76       00355C
__ptext77                                          text77       0031DE
__ptext78                                          text78       002F82
__ptext79                                          text79       003212
__ptext8                                           text8        002678
__ptext80                                          text80       00359A
__ptext81                                          text81       002010
__ptext82                                          text82       001E3E
__ptext83                                          text83       0023CC
__ptext84                                          text84       0029E2
__ptext85                                          text85       003446
__ptext86                                          text86       003460
__ptext87                                          text87       003134
__ptext88                                          text88       003492
__ptext89                                          text89       002E60
__ptext9                                           text9        0031AA
__ptext90                                          text90       0034A8
__ptext91                                          text91       000000
__ramtop                                           ramtop       001000
__smallconst                                       smallconst   000000
_b                                                 text66       003544
_blc                                               text76       00355C
_bsm                                               text75       003550
_cc                                                text65       003538
_commControl_init                                  text64       003074
_commControl_processEvent                          text5        00001E
_commControl_startBehaviour                        text40       00295C
_convertCANid2Reg                                  text38       001936
_convertReg2ExtendedCANid                          text14       001AD0
_convertReg2StandardCANid                          text13       002B70
_factory_toggleLed                                 text3        002CD0
_getCenterFrame                                    text16       0027A8
_getPositionFrame                                  text15       0030F8
_l                                                 text63       00352C
_main                                              text0        003244
_readCANFrame                                      text11       001746
_sendAliveFrame                                    text10       002712
_sepos                                             text62       003520
_sepos_init                                        text61       00252A
_setCenter                                         text8        002678
_setPosition                                       text7        003594
_st                                                text60       003514
_steeringSetup                                     text6        0025D4
_store_init                                        text57       001C0E
_store_read                                        text17       0032A0
_store_write                                       text9        0031AA
_theFactory                                        bssBANK1     000100
_theXF                                             bssBIGRAM    0001E9
_uart1RxLastError                                  bssBANK0     0000D7
commControl_init@me                                cstackBANK0  000062
commControl_processEvent@aliveTM                   cstackBANK0  0000BE
commControl_processEvent@ev                        cstackBANK0  0000B1
commControl_processEvent@me                        cstackBANK0  0000C0
commControl_processEvent@oldASMState               cstackBANK0  0000BC
commControl_processEvent@oldCSMState               cstackBANK0  0000BB
commControl_processEvent@processed                 cstackBANK0  0000BD
commControl_startBehaviour@me                      cstackBANK0  0000A9
convertCANid2Reg@canIdType                         cstackBANK0  000064
convertCANid2Reg@passedInEIDH                      cstackBANK0  000065
convertCANid2Reg@passedInEIDL                      cstackBANK0  000067
convertCANid2Reg@passedInSIDH                      cstackBANK0  000069
convertCANid2Reg@passedInSIDL                      cstackBANK0  00006B
convertCANid2Reg@tempPassedInID                    cstackBANK0  000060
convertCANid2Reg@wipSIDL                           cstackBANK0  000071
convertReg2ExtendedCANid@CAN_standardLo_ID_hi3bits cstackBANK0  00006E
convertReg2ExtendedCANid@CAN_standardLo_ID_lo2bits cstackBANK0  00006D
convertReg2ExtendedCANid@ConvertedID               cstackBANK0  00006F
convertReg2ExtendedCANid@returnValue               cstackBANK0  000069
convertReg2ExtendedCANid@tempRXBn_EIDH             cstackBANK0  000068
convertReg2ExtendedCANid@tempRXBn_EIDL             cstackBANK0  000060
convertReg2ExtendedCANid@tempRXBn_SIDH             cstackBANK0  000061
convertReg2ExtendedCANid@tempRXBn_SIDL             cstackBANK0  000062
convertReg2StandardCANid@ConvertedID               cstackBANK0  00006B
convertReg2StandardCANid@returnValue               cstackBANK0  000067
convertReg2StandardCANid@tempRXBn_SIDH             cstackBANK0  000066
convertReg2StandardCANid@tempRXBn_SIDL             cstackBANK0  000060
end_of_initialization                              cinit        0031A0
getCenterFrame@me                                  cstackBANK0  00007B
getCenterFrame@msgs                                cstackBANK0  00007D
getPositionFrame@me                                cstackBANK0  00007B
getPositionFrame@msg                               cstackBANK0  000081
getPositionFrame@position                          cstackBANK0  00007D
i2ENTERCRITICAL@inISR                              cstackCOMRAM 000001
i2Event_getDelay@me                                cstackCOMRAM 000001
i2Event_init@me                                    cstackCOMRAM 000001
i2Event_setDelay@delay                             cstackCOMRAM 000003
i2Event_setDelay@me                                cstackCOMRAM 000001
i2LEAVECRITICAL@inISR                              cstackCOMRAM 000001
i2XF_pushEvent@ev                                  cstackCOMRAM 000015
i2XF_pushEvent@inISR                               cstackCOMRAM 000024
i2XF_pushEvent@temp                                cstackCOMRAM 00002A
i2XF_pushEvent@tm                                  cstackCOMRAM 000028
i2XF_pushEvent@tmid                                cstackCOMRAM 000025
i2XF_scheduleTimer@ev                              cstackCOMRAM 000004
i2XF_scheduleTimer@i                               cstackCOMRAM 000014
i2XF_scheduleTimer@inISR                           cstackCOMRAM 000013
i2XF_scheduleTimer@tm                              cstackCOMRAM 000002
i2_ENTERCRITICAL                                   text90       0034A8
i2_Event_getDelay                                  text86       003460
i2_Event_init                                      text89       002E60
i2_Event_setDelay                                  text85       003446
i2_LEAVECRITICAL                                   text88       003492
i2_XF_pushEvent                                    text82       001E3E
i2_XF_scheduleTimer                                text84       0029E2
i2___awmod                                         text83       0023CC
i2___awmod@counter                                 cstackCOMRAM 000005
i2___awmod@dividend                                cstackCOMRAM 000001
i2___awmod@divisor                                 cstackCOMRAM 000003
i2___awmod@sign                                    cstackCOMRAM 000006
intlevel0                                          text         000000
intlevel1                                          text         000000
intlevel2                                          text         000000
intlevel3                                          text         000000
isa$std                                            (abs)        000001
isa$xinst                                          (abs)        000000
ivt0x8_base                                        ivt0x8       000008
readCANFrame@me                                    cstackBANK0  0000A9
readCANFrame@msg                                   cstackBANK0  0000AB
sendAliveFrame@me                                  cstackBANK0  00007B
sepos_init@i                                       cstackBANK0  000066
sepos_init@me                                      cstackBANK0  000062
setCenter@me                                       cstackBANK0  000068
setCenter@msg                                      cstackBANK0  00006A
setPosition@me                                     cstackBANK0  000060
setPosition@msg                                    cstackBANK0  000062
stackhi                                            (abs)        000000
stacklo                                            (abs)        000000
start                                              init         00001A
start_initialization                               cinit        003170
steeringSetup@me                                   cstackBANK0  00007B
steeringSetup@msg                                  cstackBANK0  00007D
steeringSetup@msgs                                 cstackBANK0  00007F
store_init@me                                      cstackBANK0  000064
store_read@item                                    cstackBANK0  000064
store_read@me                                      cstackBANK0  000062
store_read@value                                   cstackBANK0  000065
store_write@item                                   cstackBANK0  000066
store_write@me                                     cstackBANK0  000064
store_write@value                                  cstackBANK0  000067


MODULE INFORMATION

Module		Function		Class		Link	Load	Size
driveControl/commControl.c
		_commControl_init		CODE           	3074	0000	68
		_getPositionFrame		CODE           	30F8	0000	60
		_commControl_processEvent		CODE           	001E	0000	2380
		_setCenter     		CODE           	2678	0000	154
		_setPosition   		CODE           	3594	0000	2
		_steeringSetup 		CODE           	25D4	0000	164
		_getCenterFrame		CODE           	27A8	0000	148
		_commControl_startBehaviour		CODE           	295C	0000	134
		_sendAliveFrame		CODE           	2712	0000	150
		_readCANFrame  		CODE           	1746	0000	496

driveControl/commControl.c estimated size: 3756

xf/event.c
		_Event_setData 		CODE           	30B8	0000	64
		_Event_init    		CODE           	2D98	0000	100
		_Event_setDelay		CODE           	33A2	0000	28
		_Event_setTarget		CODE           	33DA	0000	28
		_Event_getId   		CODE           	34E6	0000	16
		_Event_getData 		CODE           	2EC2	0000	96
		_Event_setPE   		CODE           	33F6	0000	28
		_Event_setId   		CODE           	34BE	0000	20
		_Event_getDelay		CODE           	33BE	0000	28

xf/event.c estimated size: 408

mcc_generated_files/interrupt_manager.c
		_INTERRUPT_Initialize		CODE           	3590	0000	4
		_INTERRUPT_InterruptManager		CODE           	2F82	0000	92

mcc_generated_files/interrupt_manager.c estimated size: 96

C:\Program Files\Microchip\xc8\v2.36\pic\sources\c99\common\awmod.c
		___awmod       		CODE           	231A	0000	178

C:\Program Files\Microchip\xc8\v2.36\pic\sources\c99\common\awmod.c estimated size: 178

mcc_generated_files/tmr0.c
		_TMR0_SetInterruptHandler		CODE           	3586	0000	10
		_TMR0_DefaultInterruptHandler		CODE           	359A	0000	2
		_TMR0_ISR      		CODE           	3212	0000	50
		_TMR0_Initialize		CODE           	331A	0000	38

mcc_generated_files/tmr0.c estimated size: 100

mcc_generated_files/pin_manager.c
		_PIN_MANAGER_Initialize		CODE           	2F22	0000	96

mcc_generated_files/pin_manager.c estimated size: 96

board/led/led.c
		_LED_on        		CODE           	2A68	0000	132
		_LED_init      		CODE           	34D2	0000	20
		_LED_initHW    		CODE           	3506	0000	14
		_LED_off       		CODE           	2AEC	0000	132

board/led/led.c estimated size: 298

board/button/buttonsm.c
		_ButtonSM_setObserver		CODE           	31DE	0000	52
		_ButtonSM_startBehaviour		CODE           	283C	0000	148
		_ButtonSM_init 		CODE           	2DFC	0000	100
		_ButtonSM_processEvent		CODE           	096A	0000	1174

board/button/buttonsm.c estimated size: 1474

app/blcontrol.c
		_BLControl_init		CODE           	3598	0000	2
		_BLControl_onButton		CODE           	302C	0000	72

app/blcontrol.c estimated size: 74

mcc_generated_files/ecan.c
		_CAN_receive   		CODE           	1230	0000	758
		_ECAN_Initialize		CODE           	1526	0000	544
		_convertReg2ExtendedCANid		CODE           	1AD0	0000	318
		_CAN_transmit  		CODE           	0E00	0000	1072
		_convertReg2StandardCANid		CODE           	2B70	0000	124
		_convertCANid2Reg		CODE           	1936	0000	410

mcc_generated_files/ecan.c estimated size: 3226

factory/factory.c
		_b             		CODE           	3544	0000	12
		_factory_toggleLed		CODE           	2CD0	0000	100
		_l             		CODE           	352C	0000	12
		_cc            		CODE           	3538	0000	12
		_bsm           		CODE           	3550	0000	12
		_sepos         		CODE           	3520	0000	12
		_blc           		CODE           	355C	0000	12
		_Factory_init  		CODE           	247C	0000	174
		_st            		CODE           	3514	0000	12
		_Factory_build 		CODE           	32F2	0000	40
		_Factory_start 		CODE           	2D34	0000	100

factory/factory.c estimated size: 498

driveControl/store.c
		_store_write   		CODE           	31AA	0000	52
		_store_init    		CODE           	1C0E	0000	308
		_store_read    		CODE           	32A0	0000	42

driveControl/store.c estimated size: 402

mcc_generated_files/uart1.c
		_UART1_SetFramingErrorHandler		CODE           	3572	0000	10
		_UART1_SetOverrunErrorHandler		CODE           	3568	0000	10
		_UART1_Initialize		CODE           	2C60	0000	112
		_UART1_SetErrorHandler		CODE           	357C	0000	10

mcc_generated_files/uart1.c estimated size: 142

shared
		i2_Event_getDelay		CODE           	3460	0000	26
		i2_Event_setDelay		CODE           	3446	0000	26
		i2_XF_pushEvent		CODE           	1E3E	0000	244
		i2_XF_scheduleTimer		CODE           	29E2	0000	134
		i2_ENTERCRITICAL		CODE           	34A8	0000	22
		__initialization		CODE           	3170	0000	48
		i2_LEAVECRITICAL		CODE           	3492	0000	22
		i2___awmod     		CODE           	23CC	0000	176
		i2_Event_init  		CODE           	2E60	0000	98

shared estimated size: 796

mcc_generated_files/mcc.c
		_PMD_Initialize		CODE           	3340	0000	36
		_OSCILLATOR_Initialize		CODE           	347A	0000	24
		_SYSTEM_Initialize		CODE           	3384	0000	30

mcc_generated_files/mcc.c estimated size: 90

xf/xf.c
		_XF_executeOnce		CODE           	2BEC	0000	116
		_XF_popEvent   		CODE           	2266	0000	180
		_POST          		CODE           	21AA	0000	188
		_XF_init       		CODE           	1F32	0000	222
		_XF_pushEvent  		CODE           	1D42	0000	252
		_ENTERCRITICAL 		CODE           	342C	0000	26
		_XF_decrementAndQueueTimers		CODE           	2010	0000	216
		_XF_unscheduleTimer		CODE           	3134	0000	60
		_XF_scheduleTimer		CODE           	28D0	0000	140
		_LEAVECRITICAL 		CODE           	3412	0000	26

xf/xf.c estimated size: 1426

mcc_generated_files/memory.c
		_DATAEE_WriteByte		CODE           	2FDE	0000	78
		_DATAEE_ReadByte		CODE           	3364	0000	32

mcc_generated_files/memory.c estimated size: 110

sepos/sepos_RS232.c
		_sepos_init    		CODE           	252A	0000	170

sepos/sepos_RS232.c estimated size: 170

main.c
		_main          		CODE           	3244	0000	48

main.c estimated size: 48

board/button/button.c
		_Button_read   		CODE           	20E8	0000	194
		_Button_init   		CODE           	32CA	0000	40
		_Button_getId  		CODE           	34F6	0000	16
		_Button_initHW 		CODE           	3596	0000	2

board/button/button.c estimated size: 252

C:\Program Files\Microchip\xc8\v2.36\pic\sources\c99\common\Umul16.c
		___wmul        		CODE           	3274	0000	44

C:\Program Files\Microchip\xc8\v2.36\pic\sources\c99\common\Umul16.c estimated size: 44

