Microchip MPLAB XC8 Compiler V2.36

Linker command line:

-W3 --edf=C:\Program Files\Microchip\xc8\v2.36\pic\dat\en_msgs.txt \
  -pivt0x8=08h -cn -h+dist/default/debug\steeringModule.debug.sym \
  --cmf=dist/default/debug\steeringModule.debug.cmf -z -Q18F26K83 \
  -oC:\Users\maxim\AppData\Local\Temp\xcAsr9s.4 --defsym=__MPLAB_BUILD=1 \
  -Mdist/default/debug/steeringModule.debug.map \
  --md=C:\Users\maxim\AppData\Local\Temp\xcAsr9s.dat -E1 -ver=XC8 Compiler \
  --acfsm=1493 -ACODE=00h-0FFFFh -ACONST=00h-0FFFFh \
  -ASMALLCONST=01000h-010FFhx240 -AMEDIUMCONST=01000h-0FFFFh \
  -ACOMRAM=01h-05Fh -AABS1=00h-0FFFh -ABIGRAM=01h-0FFFh \
  -ARAM=060h-0FFh,0100h-01FFhx15 -ABANK0=060h-0FFh -ABANK1=0100h-01FFh \
  -ABANK2=0200h-02FFh -ABANK3=0300h-03FFh -ABANK4=0400h-04FFh \
  -ABANK5=0500h-05FFh -ABANK6=0600h-06FFh -ABANK7=0700h-07FFh \
  -ABANK8=0800h-08FFh -ABANK9=0900h-09FFh -ABANK10=0A00h-0AFFh \
  -ABANK11=0B00h-0BFFh -ABANK12=0C00h-0CFFh -ABANK13=0D00h-0DFFh \
  -ABANK14=0E00h-0EFFh -ABANK15=0F00h-0FFFh \
  -ASFR=03700h-037FFhx8,03F00h-03F5Fh,03F60h-03FFFh -ABIGSFR=03700h-03FFFh \
  -ACONFIG=0300000h-0300009h -AIDLOC=0200000h-020000Fh \
  -AEEDATA=0310000h-03103FFh -peeprom_data=EEDATA -preset_vec=00h \
  -ppowerup=CODE,init -pramtop=01000h -psmallconst=SMALLCONST \
  -pmediumconst=MEDIUMCONST -pconst=CONST -AFARRAM=00h-00h \
  -prdata=COMRAM,nvrram=COMRAM,nvbit=COMRAM,rbss=COMRAM,rbit=COMRAM \
  -pfarbss=FARRAM,fardata=FARRAM,nvFARRAM=FARRAM \
  -pintsave_regs=BIGRAM,bigbss=BIGRAM,bigdata=BIGRAM -pbss=RAM \
  -pidata=CODE,irdata=CODE,ibigdata=CODE,ifardata=CODE -prparam=COMRAM \
  C:\Users\maxim\AppData\Local\Temp\xcAsr9s.o \
  dist/default/debug\steeringModule.debug.o 

Object code version is 3.11

Machine type is 18F26K83



                Name                               Link     Load   Length Selector   Space Scale
C:\Users\maxim\AppData\Local\Temp\xcAsr9s.o
                idloc                            200000   200000       10        0       5
                config                           300000   300000        A        0       4
                init                                 1A       1A        4        4       0
                reset_vec                             0        0        4        0       0
dist/default/debug\steeringModule.debug.o
                idloc                            200000   200000       10        0       5
                config                           300000   300000        A        0       4
                ivt0x8                                8        8       12        4       0
                text105                            4326     4326       16        4       0
                text104                            3C6E     3C6E       62        4       0
                text103                            4310     4310       16        4       0
                text102                            3FEA     3FEA       3C        4       0
                text101                            42C8     42C8       1A        4       0
                text100                            42AE     42AE       1A        4       0
                text99                             377E     377E       86        4       0
                text98                             30DA     30DA       B0        4       0
                text97                             2694     2694       F4        4       0
                text96                             2954     2954       D8        4       0
                text95                             441C     441C        2        4       0
                text94                             408E     408E       32        4       0
                text93                             3DEC     3DEC       5C        4       0
                text92                             405A     405A       34        4       0
                text91                             43DA     43DA        C        4       0
                text90                             43CE     43CE        C        4       0
                text89                             413E     413E       28        4       0
                text88                             441A     441A        2        4       0
                text87                             3C0A     3C0A       64        4       0
                text86                             4116     4116       28        4       0
                text85                             4418     4418        2        4       0
                text84                             4350     4350       14        4       0
                text83                             3888     3888       84        4       0
                text82                             4384     4384        E        4       0
                text81                             43C2     43C2        C        4       0
                text80                             43B6     43B6        C        4       0
                text79                             3F28     3F28       44        4       0
                text78                             43AA     43AA        C        4       0
                text77                             439E     439E        C        4       0
                text76                             3238     3238       AA        4       0
                text75                             4392     4392        C        4       0
                text74                             41B0     41B0       20        4       0
                text73                             3E48     3E48       4E        4       0
                text72                             2464     2464      134        4       0
                text71                             318A     318A       AE        4       0
                text70                             2BC2     2BC2       C2        4       0
                text69                             3BA6     3BA6       64        4       0
                text68                             3F6C     3F6C       40        4       0
                text67                             433C     433C       14        4       0
                text66                             425E     425E       1C        4       0
                text65                             4242     4242       1C        4       0
                text64                             4226     4226       1C        4       0
                text63                             420A     420A       1C        4       0
                text62                             4294     4294       1A        4       0
                text61                             427A     427A       1A        4       0
                text60                             366C     366C       8C        4       0
                text59                             3028     3028       B2        4       0
                text58                             2598     2598       FC        4       0
                text57                             2E00     2E00       BC        4       0
                text56                             34B4     34B4       94        4       0
                text55                             36F8     36F8       86        4       0
                text54                             3B42     3B42       64        4       0
                text53                             218C     218C      19A        4       0
                text52                             1BD4     1BD4      220        4       0
                text51                             440E     440E        4        4       0
                text50                             42E2     42E2       18        4       0
                text49                             3D30     3D30       60        4       0
                text48                             418C     418C       24        4       0
                text47                             4404     4404        A        4       0
                text46                             4166     4166       26        4       0
                text45                             43FA     43FA        A        4       0
                text44                             43F0     43F0        A        4       0
                text43                             43E6     43E6        A        4       0
                text42                             3A6E     3A6E       70        4       0
                text41                             41D0     41D0       1E        4       0
                text40                             3804     3804       84        4       0
                text39                             3EE0     3EE0       48        4       0
                text38                             4374     4374       10        4       0
                text37                             4364     4364       10        4       0
                text36                             2F74     2F74       B4        4       0
                text35                             3CD0     3CD0       60        4       0
                text34                             40C0     40C0       2C        4       0
                text33                              E00      E00      430        4       0
                text32                             4416     4416        2        4       0
                text31                             4414     4414        2        4       0
                text30                             4412     4412        2        4       0
                text29                             32E2     32E2       A4        4       0
                text28                             42FA     42FA       16        4       0
                text27                             39FC     39FC       72        4       0
                text26                             41EE     41EE       1C        4       0
                text25                             1FE4     1FE4      1A8        4       0
                text24                             2C84     2C84       C0        4       0
                text23                             1928     1928      2AC        4       0
                text22                             2A2C     2A2C       CE        4       0
                text21                             3D90     3D90       5C        4       0
                text20                             2326     2326      13E        4       0
                text19                             390C     390C       7C        4       0
                text18                             1632     1632      2F6        4       0
                text17                             1DF4     1DF4      1F0        4       0
                text16                             2AFA     2AFA       C8        4       0
                text15                             40EC     40EC       2A        4       0
                text14                             2D44     2D44       BC        4       0
                text13                             4026     4026       34        4       0
                text12                             3386     3386       9A        4       0
                text11                             2EBC     2EBC       B8        4       0
                text10                             2788     2788       EE        4       0
                text9                              3420     3420       94        4       0
                text8                              35DA     35DA       92        4       0
                text7                              3548     3548       92        4       0
                text6                              1230     1230      402        4       0
                text5                                1E       1E      94C        4       0
                text4                               96A      96A      496        4       0
                text3                              3ADE     3ADE       64        4       0
                text2                              3988     3988       74        4       0
                text1                              2876     2876       DE        4       0
                text0                              3E96     3E96       4A        4       0
                cstackCOMRAM                          1        1       30        1       1
                cstackBANK0                          60       60       7D       60       1
                bssBIGRAM                           1E9      1E9      1FA      1E9       1
                bssBANK1                            100      100       E9      100       1
                bssBANK0                             E3       E3        3       60       1
                cinit                              3FAC     3FAC       3E        4       0
                nvBANK0                              DD       DD        6       60       1
                nvCOMRAM                             31       31        2        1       1

TOTAL           Name                               Link     Load   Length     Space
        CLASS   CODE           
                init                                 1A       1A        4         0
                reset_vec                             0        0        4         0
                ivt0x8                                8        8       12         0
                text105                            4326     4326       16         0
                text104                            3C6E     3C6E       62         0
                text103                            4310     4310       16         0
                text102                            3FEA     3FEA       3C         0
                text101                            42C8     42C8       1A         0
                text100                            42AE     42AE       1A         0
                text99                             377E     377E       86         0
                text98                             30DA     30DA       B0         0
                text97                             2694     2694       F4         0
                text96                             2954     2954       D8         0
                text95                             441C     441C        2         0
                text94                             408E     408E       32         0
                text93                             3DEC     3DEC       5C         0
                text92                             405A     405A       34         0
                text91                             43DA     43DA        C         0
                text90                             43CE     43CE        C         0
                text89                             413E     413E       28         0
                text88                             441A     441A        2         0
                text87                             3C0A     3C0A       64         0
                text86                             4116     4116       28         0
                text85                             4418     4418        2         0
                text84                             4350     4350       14         0
                text83                             3888     3888       84         0
                text82                             4384     4384        E         0
                text81                             43C2     43C2        C         0
                text80                             43B6     43B6        C         0
                text79                             3F28     3F28       44         0
                text78                             43AA     43AA        C         0
                text77                             439E     439E        C         0
                text76                             3238     3238       AA         0
                text75                             4392     4392        C         0
                text74                             41B0     41B0       20         0
                text73                             3E48     3E48       4E         0
                text72                             2464     2464      134         0
                text71                             318A     318A       AE         0
                text70                             2BC2     2BC2       C2         0
                text69                             3BA6     3BA6       64         0
                text68                             3F6C     3F6C       40         0
                text67                             433C     433C       14         0
                text66                             425E     425E       1C         0
                text65                             4242     4242       1C         0
                text64                             4226     4226       1C         0
                text63                             420A     420A       1C         0
                text62                             4294     4294       1A         0
                text61                             427A     427A       1A         0
                text60                             366C     366C       8C         0
                text59                             3028     3028       B2         0
                text58                             2598     2598       FC         0
                text57                             2E00     2E00       BC         0
                text56                             34B4     34B4       94         0
                text55                             36F8     36F8       86         0
                text54                             3B42     3B42       64         0
                text53                             218C     218C      19A         0
                text52                             1BD4     1BD4      220         0
                text51                             440E     440E        4         0
                text50                             42E2     42E2       18         0
                text49                             3D30     3D30       60         0
                text48                             418C     418C       24         0
                text47                             4404     4404        A         0
                text46                             4166     4166       26         0
                text45                             43FA     43FA        A         0
                text44                             43F0     43F0        A         0
                text43                             43E6     43E6        A         0
                text42                             3A6E     3A6E       70         0
                text41                             41D0     41D0       1E         0
                text40                             3804     3804       84         0
                text39                             3EE0     3EE0       48         0
                text38                             4374     4374       10         0
                text37                             4364     4364       10         0
                text36                             2F74     2F74       B4         0
                text35                             3CD0     3CD0       60         0
                text34                             40C0     40C0       2C         0
                text33                              E00      E00      430         0
                text32                             4416     4416        2         0
                text31                             4414     4414        2         0
                text30                             4412     4412        2         0
                text29                             32E2     32E2       A4         0
                text28                             42FA     42FA       16         0
                text27                             39FC     39FC       72         0
                text26                             41EE     41EE       1C         0
                text25                             1FE4     1FE4      1A8         0
                text24                             2C84     2C84       C0         0
                text23                             1928     1928      2AC         0
                text22                             2A2C     2A2C       CE         0
                text21                             3D90     3D90       5C         0
                text20                             2326     2326      13E         0
                text19                             390C     390C       7C         0
                text18                             1632     1632      2F6         0
                text17                             1DF4     1DF4      1F0         0
                text16                             2AFA     2AFA       C8         0
                text15                             40EC     40EC       2A         0
                text14                             2D44     2D44       BC         0
                text13                             4026     4026       34         0
                text12                             3386     3386       9A         0
                text11                             2EBC     2EBC       B8         0
                text10                             2788     2788       EE         0
                text9                              3420     3420       94         0
                text8                              35DA     35DA       92         0
                text7                              3548     3548       92         0
                text6                              1230     1230      402         0
                text5                                1E       1E      94C         0
                text4                               96A      96A      496         0
                text3                              3ADE     3ADE       64         0
                text2                              3988     3988       74         0
                text1                              2876     2876       DE         0
                text0                              3E96     3E96       4A         0
                cinit                              3FAC     3FAC       3E         0

        CLASS   CONST          

        CLASS   SMALLCONST     

        CLASS   MEDIUMCONST    

        CLASS   COMRAM         
                cstackCOMRAM                          1        1       30         1
                nvCOMRAM                             31       31        2         1

        CLASS   ABS1           

        CLASS   BIGRAM         
                bssBIGRAM                           1E9      1E9      1FA         1

        CLASS   RAM            

        CLASS   BANK0          
                cstackBANK0                          60       60       7D         1
                bssBANK0                             E3       E3        3         1
                nvBANK0                              DD       DD        6         1

        CLASS   BANK1          
                bssBANK1                            100      100       E9         1

        CLASS   BANK2          

        CLASS   BANK3          

        CLASS   BANK4          

        CLASS   BANK5          

        CLASS   BANK6          

        CLASS   BANK7          

        CLASS   BANK8          

        CLASS   BANK9          

        CLASS   BANK10         

        CLASS   BANK11         

        CLASS   BANK12         

        CLASS   BANK13         

        CLASS   BANK14         

        CLASS   BANK15         

        CLASS   SFR            

        CLASS   BIGSFR         

        CLASS   CONFIG         
                config                           300000   300000        A         4

        CLASS   IDLOC          
                idloc                            200000   200000       10         5

        CLASS   EEDATA         

        CLASS   FARRAM         

        CLASS   HEAP           

        CLASS   STACK          



SEGMENTS        Name                           Load    Length   Top    Selector   Space  Class

                reset_vec                      000000  000004  000004         0       0  CODE    
                cstackCOMRAM                   000001  000032  000033         1       1  COMRAM  
                ivt0x8                         000008  004416  00441E         4       0  CODE    
                cstackBANK0                    000060  000086  0000E6        60       1  BANK0   
                bssBANK1                       000100  0000E9  0001E9       100       1  BANK1   
                bssBIGRAM                      0001E9  0001FA  0003E3       1E9       1  BIGRAM  


UNUSED ADDRESS RANGES

        Name                Unused          Largest block    Delta
        BANK0            0000E6-0000FF               1A
        BANK10           000A00-000AFF              100
        BANK11           000B00-000BFF              100
        BANK12           000C00-000CFF              100
        BANK13           000D00-000DFF              100
        BANK14           000E00-000EFF              100
        BANK15           000F00-000FFF              100
        BANK3            0003E3-0003FF               1D
        BANK4            000400-0004FF              100
        BANK5            000500-0005FF              100
        BANK6            000600-0006FF              100
        BANK7            000700-0007FF              100
        BANK8            000800-0008FF              100
        BANK9            000900-0009FF              100
        BIGRAM           000033-00005F               2D
                         0000E6-0000FF               1A
                         0003E3-000FFF              C1D
        BIGSFR           003700-003FFF              900
        CODE             000004-000007                4
                         00441E-00FFFF             BBE2
        COMRAM           000033-00005F               2D
        CONST            000004-000007                4
                         00441E-00FFFF             BBE2
        EEDATA           310000-3103FF              400
        MEDIUMCONST      00441E-00FFFF             BBE2
        RAM              0000E6-0000FF               1A
                         0003E3-000FFF              100
        SFR              003700-003FFF              100
        SMALLCONST       00441E-00FFFF              100

                                  Symbol Table

?_Event_getData                                    cstackBANK0  000060
?_Event_getDelay                                   cstackBANK0  000060
?_XF_popEvent                                      cstackBANK0  000066
?___awmod                                          cstackBANK0  000060
?___wmul                                           cstackBANK0  000060
?_b                                                cstackBANK0  000060
?_blc                                              cstackBANK0  000060
?_bsm                                              cstackBANK0  000060
?_cc                                               cstackBANK0  000060
?_convertReg2ExtendedCANid                         cstackBANK0  000060
?_convertReg2StandardCANid                         cstackBANK0  000060
?_l                                                cstackBANK0  000060
?_sepos                                            cstackBANK0  000060
?_sepos_CalcFieldCRC                               cstackBANK0  000060
?_sepos_receive_positionValue                      cstackBANK0  00007F
?_sepos_receive_statusword                         cstackBANK0  00007F
?_st                                               cstackBANK0  000060
?i2_Event_getDelay                                 cstackCOMRAM 000001
?i2___awmod                                        cstackCOMRAM 000001
BLControl_init@me                                  cstackBANK0  000062
BLControl_onButton@buttonId                        cstackBANK0  000068
BLControl_onButton@me                              cstackBANK0  000066
BLControl_onButton@pressed                         cstackBANK0  000069
ButtonSM_init@button                               cstackBANK0  000064
ButtonSM_init@me                                   cstackBANK0  000062
ButtonSM_processEvent@ev                           cstackBANK0  0000BB
ButtonSM_processEvent@me                           cstackBANK0  0000C0
ButtonSM_processEvent@oldState                     cstackBANK0  0000BF
ButtonSM_setObserver@me                            cstackBANK0  000062
ButtonSM_setObserver@observer                      cstackBANK0  000064
ButtonSM_setObserver@observerCB                    cstackBANK0  000066
ButtonSM_startBehaviour@me                         cstackBANK0  0000A9
Button_getId@me                                    cstackBANK0  000060
Button_init@id                                     cstackBANK0  000064
Button_init@isPullUp                               cstackBANK0  000065
Button_init@me                                     cstackBANK0  000062
Button_initHW@me                                   cstackBANK0  000062
Button_read@me                                     cstackBANK0  000060
Button_read@value                                  cstackBANK0  000064
CAN_receive@returnValue                            cstackBANK0  000075
CAN_receive@tempCanMsg                             cstackBANK0  000073
CAN_transmit@tempCanMsg                            cstackBANK0  000072
CAN_transmit@tempEIDH                              cstackBANK0  000077
CAN_transmit@tempEIDL                              cstackBANK0  000078
CAN_transmit@tempSIDH                              cstackBANK0  000079
CAN_transmit@tempSIDL                              cstackBANK0  00007A
DATAEE_ReadByte@bAdd                               cstackBANK0  000060
DATAEE_WriteByte@GIEBitValue                       cstackBANK0  000063
DATAEE_WriteByte@bAdd                              cstackBANK0  000060
DATAEE_WriteByte@bData                             cstackBANK0  000062
ENTERCRITICAL@inISR                                cstackBANK0  000060
Event_getData@me                                   cstackBANK0  000060
Event_getDelay@me                                  cstackBANK0  000060
Event_getId@me                                     cstackBANK0  000060
Event_init@me                                      cstackBANK0  000066
Event_setData@data                                 cstackBANK0  000062
Event_setData@me                                   cstackBANK0  000060
Event_setDelay@delay                               cstackBANK0  000062
Event_setDelay@me                                  cstackBANK0  000060
Event_setId@eventID                                cstackBANK0  000062
Event_setId@me                                     cstackBANK0  000060
Event_setPE@me                                     cstackBANK0  000060
Event_setPE@processEvent                           cstackBANK0  000062
Event_setTarget@me                                 cstackBANK0  000060
Event_setTarget@target                             cstackBANK0  000062
IVTBASEH                                           (abs)        003FD6
IVTBASEL                                           (abs)        003FD5
IVTBASEU                                           (abs)        003FD7
LEAVECRITICAL@inISR                                cstackBANK0  000060
LED_init@id                                        cstackBANK0  000064
LED_init@me                                        cstackBANK0  000062
LED_initHW@me                                      cstackBANK0  000066
LED_off@me                                         cstackBANK0  000062
LED_on@me                                          cstackBANK0  000062
MyRead@count                                       cstackBANK0  000064
MyRead@error                                       cstackBANK0  000062
MyRead@me                                          cstackBANK0  000060
POST@data                                          cstackBANK0  000091
POST@delay                                         cstackBANK0  00008F
POST@ev                                            cstackBANK0  00009A
POST@id                                            cstackBANK0  00008E
POST@processEvent                                  cstackBANK0  00008C
POST@target                                        cstackBANK0  00008A
POST@tmid                                          cstackBANK0  000099
TMR0_SetInterruptHandler@InterruptHandler          cstackBANK0  000060
UART1_SetErrorHandler@interruptHandler             cstackBANK0  000060
UART1_SetFramingErrorHandler@interruptHandler      cstackBANK0  000060
UART1_SetOverrunErrorHandler@interruptHandler      cstackBANK0  000060
UART1_Write@txData                                 cstackBANK0  000060
XF_decrementAndQueueTimers@dummy                   cstackCOMRAM 00002D
XF_decrementAndQueueTimers@i                       cstackCOMRAM 00002E
XF_executeOnce@ev                                  cstackBANK0  0000CC
XF_init@i                                          cstackBANK0  000068
XF_popEvent@ev                                     cstackBANK0  000078
XF_popEvent@inISR                                  cstackBANK0  000077
XF_pushEvent@ev                                    cstackBANK0  000074
XF_pushEvent@inISR                                 cstackBANK0  000083
XF_pushEvent@temp                                  cstackBANK0  000089
XF_pushEvent@tm                                    cstackBANK0  000087
XF_pushEvent@tmid                                  cstackBANK0  000084
XF_scheduleTimer@ev                                cstackBANK0  000063
XF_scheduleTimer@i                                 cstackBANK0  000073
XF_scheduleTimer@inISR                             cstackBANK0  000072
XF_scheduleTimer@tm                                cstackBANK0  000061
XF_unscheduleTimer@id                              cstackCOMRAM 000004
XF_unscheduleTimer@inISR                           cstackCOMRAM 000003
_ANSELA                                            (abs)        003A40
_ANSELB                                            (abs)        003A50
_ANSELC                                            (abs)        003A60
_BLControl_init                                    text88       00441A
_BLControl_onButton                                text39       003EE0
_BRGCON1                                           (abs)        003703
_BRGCON2                                           (abs)        003704
_BRGCON3                                           (abs)        003705
_ButtonSM_init                                     text87       003C0A
_ButtonSM_processEvent                             text4        00096A
_ButtonSM_setObserver                              text92       00405A
_ButtonSM_startBehaviour                           text56       0034B4
_ButtonSM_startBehaviour$212                       cstackBANK0  0000AB
_Button_getId                                      text38       004374
_Button_init                                       text86       004116
_Button_initHW                                     text85       004418
_Button_read                                       text70       002BC2
_CANCON                                            (abs)        003F8F
_CANRXPPS                                          (abs)        003AED
_CANSTAT                                           (abs)        003F8E
_CAN_receive                                       text18       001632
_CAN_transmit                                      text33       000E00
_CIOCON                                            (abs)        003700
_COMSTATbits                                       (abs)        003F90
_DATAEE_ReadByte                                   text74       0041B0
_DATAEE_WriteByte                                  text73       003E48
_ECANCON                                           (abs)        003F91
_ECAN_Initialize                                   text52       001BD4
_ENTERCRITICAL                                     text62       004294
_Event_getData                                     text35       003CD0
_Event_getDelay                                    text64       004226
_Event_getId                                       text37       004364
_Event_init                                        text69       003BA6
_Event_setData                                     text68       003F6C
_Event_setDelay                                    text63       00420A
_Event_setId                                       text67       00433C
_Event_setPE                                       text66       00425E
_Event_setTarget                                   text65       004242
_Factory_build                                     text89       00413E
_Factory_init                                      text71       00318A
_Factory_start                                     text54       003B42
_INLVLA                                            (abs)        003A44
_INLVLB                                            (abs)        003A54
_INLVLC                                            (abs)        003A64
_INLVLE                                            (abs)        003A84
_INTCON0bits                                       (abs)        003FD2
_INTERRUPT_Initialize                              text51       00440E
_INTERRUPT_InterruptManager                        text93       003DEC
_LATA                                              (abs)        003FBA
_LATB                                              (abs)        003FBB
_LATBbits                                          (abs)        003FBB
_LATC                                              (abs)        003FBC
_LEAVECRITICAL                                     text61       00427A
_LED_init                                          text84       004350
_LED_initHW                                        text82       004384
_LED_off                                           text83       003888
_LED_on                                            text40       003804
_MyRead                                            text27       0039FC
_NVMADRH                                           (abs)        0039E1
_NVMADRL                                           (abs)        0039E0
_NVMCON1bits                                       (abs)        0039E5
_NVMCON2                                           (abs)        0039E6
_NVMDAT                                            (abs)        0039E3
_ODCONA                                            (abs)        003A42
_ODCONB                                            (abs)        003A52
_ODCONC                                            (abs)        003A62
_OSCCON1                                           (abs)        0039D9
_OSCCON3                                           (abs)        0039DB
_OSCEN                                             (abs)        0039DD
_OSCFRQ                                            (abs)        0039DF
_OSCILLATOR_Initialize                             text50       0042E2
_OSCTUNE                                           (abs)        0039DE
_PIE3bits                                          (abs)        003993
_PIE5bits                                          (abs)        003995
_PIN_MANAGER_Initialize                            text49       003D30
_PIR0bits                                          (abs)        0039A0
_PIR3bits                                          (abs)        0039A3
_PIR5bits                                          (abs)        0039A5
_PMD0                                              (abs)        0039C0
_PMD1                                              (abs)        0039C1
_PMD2                                              (abs)        0039C2
_PMD3                                              (abs)        0039C3
_PMD4                                              (abs)        0039C4
_PMD5                                              (abs)        0039C5
_PMD6                                              (abs)        0039C6
_PMD7                                              (abs)        0039C7
_PMD_Initialize                                    text48       00418C
_PORTCbits                                         (abs)        003FCC
_POST                                              text57       002E00
_RB2PPS                                            (abs)        003A0A
_RC5PPS                                            (abs)        003A15
_RXB0CONbits                                       (abs)        003F80
_RXB0D0                                            (abs)        003F86
_RXB0D1                                            (abs)        003F87
_RXB0D2                                            (abs)        003F88
_RXB0D3                                            (abs)        003F89
_RXB0D4                                            (abs)        003F8A
_RXB0D5                                            (abs)        003F8B
_RXB0D6                                            (abs)        003F8C
_RXB0D7                                            (abs)        003F8D
_RXB0DLC                                           (abs)        003F85
_RXB0EIDH                                          (abs)        003F83
_RXB0EIDL                                          (abs)        003F84
_RXB0SIDH                                          (abs)        003F81
_RXB0SIDL                                          (abs)        003F82
_RXB1CONbits                                       (abs)        0037F0
_RXB1D0                                            (abs)        0037F6
_RXB1D1                                            (abs)        0037F7
_RXB1D2                                            (abs)        0037F8
_RXB1D3                                            (abs)        0037F9
_RXB1D4                                            (abs)        0037FA
_RXB1D5                                            (abs)        0037FB
_RXB1D6                                            (abs)        0037FC
_RXB1D7                                            (abs)        0037FD
_RXB1DLC                                           (abs)        0037F5
_RXB1EIDH                                          (abs)        0037F3
_RXB1EIDL                                          (abs)        0037F4
_RXB1SIDH                                          (abs)        0037F1
_RXB1SIDL                                          (abs)        0037F2
_RXF0EIDH                                          (abs)        0037A2
_RXF0EIDL                                          (abs)        0037A3
_RXF0SIDH                                          (abs)        0037A0
_RXF0SIDL                                          (abs)        0037A1
_RXF1EIDH                                          (abs)        0037A6
_RXF1EIDL                                          (abs)        0037A7
_RXF1SIDH                                          (abs)        0037A4
_RXF1SIDL                                          (abs)        0037A5
_RXF2EIDH                                          (abs)        0037AA
_RXF2EIDL                                          (abs)        0037AB
_RXF2SIDH                                          (abs)        0037A8
_RXF2SIDL                                          (abs)        0037A9
_RXF3EIDH                                          (abs)        0037AE
_RXF3EIDL                                          (abs)        0037AF
_RXF3SIDH                                          (abs)        0037AC
_RXF3SIDL                                          (abs)        0037AD
_RXF4EIDH                                          (abs)        0037B2
_RXF4EIDL                                          (abs)        0037B3
_RXF4SIDH                                          (abs)        0037B0
_RXF4SIDL                                          (abs)        0037B1
_RXF5EIDH                                          (abs)        0037B6
_RXF5EIDL                                          (abs)        0037B7
_RXF5SIDH                                          (abs)        0037B4
_RXF5SIDL                                          (abs)        0037B5
_RXM0EIDH                                          (abs)        0037BA
_RXM0EIDL                                          (abs)        0037BB
_RXM0SIDH                                          (abs)        0037B8
_RXM0SIDL                                          (abs)        0037B9
_RXM1EIDH                                          (abs)        0037BE
_RXM1EIDL                                          (abs)        0037BF
_RXM1SIDH                                          (abs)        0037BC
_RXM1SIDL                                          (abs)        0037BD
_SLRCONA                                           (abs)        003A43
_SLRCONB                                           (abs)        003A53
_SLRCONC                                           (abs)        003A63
_SYSTEM_Initialize                                 text41       0041D0
_T0CON0                                            (abs)        003FB8
_T0CON0bits                                        (abs)        003FB8
_T0CON1                                            (abs)        003FB9
_TABLAT                                            (abs)        003FF5
_TBLPTRH                                           (abs)        003FF7
_TBLPTRL                                           (abs)        003FF6
_TBLPTRU                                           (abs)        003FF8
_TMR0H                                             (abs)        003FB7
_TMR0L                                             (abs)        003FB6
_TMR0_DefaultInterruptHandler                      text95       00441C
_TMR0_ISR                                          text94       00408E
_TMR0_Initialize                                   text46       004166
_TMR0_InterruptHandler                             nvCOMRAM     000031
_TMR0_SetInterruptHandler                          text47       004404
_TRISA                                             (abs)        003FC2
_TRISB                                             (abs)        003FC3
_TRISC                                             (abs)        003FC4
_TXB0CONbits                                       (abs)        0037E0
_TXB0D0                                            (abs)        0037E6
_TXB0D1                                            (abs)        0037E7
_TXB0D2                                            (abs)        0037E8
_TXB0D3                                            (abs)        0037E9
_TXB0D4                                            (abs)        0037EA
_TXB0D5                                            (abs)        0037EB
_TXB0D6                                            (abs)        0037EC
_TXB0D7                                            (abs)        0037ED
_TXB0DLC                                           (abs)        0037E5
_TXB0EIDH                                          (abs)        0037E3
_TXB0EIDL                                          (abs)        0037E4
_TXB0SIDH                                          (abs)        0037E1
_TXB0SIDL                                          (abs)        0037E2
_TXB1CONbits                                       (abs)        0037D0
_TXB1D0                                            (abs)        0037D6
_TXB1D1                                            (abs)        0037D7
_TXB1D2                                            (abs)        0037D8
_TXB1D3                                            (abs)        0037D9
_TXB1D4                                            (abs)        0037DA
_TXB1D5                                            (abs)        0037DB
_TXB1D6                                            (abs)        0037DC
_TXB1D7                                            (abs)        0037DD
_TXB1DLC                                           (abs)        0037D5
_TXB1EIDH                                          (abs)        0037D3
_TXB1EIDL                                          (abs)        0037D4
_TXB1SIDH                                          (abs)        0037D1
_TXB1SIDL                                          (abs)        0037D2
_TXB2CONbits                                       (abs)        0037C0
_TXB2D0                                            (abs)        0037C6
_TXB2D1                                            (abs)        0037C7
_TXB2D2                                            (abs)        0037C8
_TXB2D3                                            (abs)        0037C9
_TXB2D4                                            (abs)        0037CA
_TXB2D5                                            (abs)        0037CB
_TXB2D6                                            (abs)        0037CC
_TXB2D7                                            (abs)        0037CD
_TXB2DLC                                           (abs)        0037C5
_TXB2EIDH                                          (abs)        0037C3
_TXB2EIDL                                          (abs)        0037C4
_TXB2SIDH                                          (abs)        0037C1
_TXB2SIDL                                          (abs)        0037C2
_U1BRGH                                            (abs)        003DF6
_U1BRGL                                            (abs)        003DF5
_U1CON0                                            (abs)        003DF2
_U1CON0bits                                        (abs)        003DF2
_U1CON1                                            (abs)        003DF3
_U1CON2                                            (abs)        003DF4
_U1ERRIE                                           (abs)        003DFA
_U1ERRIR                                           (abs)        003DF9
_U1ERRIRbits                                       (abs)        003DF9
_U1FIFO                                            (abs)        003DF7
_U1P1H                                             (abs)        003DED
_U1P1L                                             (abs)        003DEC
_U1P2H                                             (abs)        003DEF
_U1P2L                                             (abs)        003DEE
_U1P3H                                             (abs)        003DF1
_U1P3L                                             (abs)        003DF0
_U1RXB                                             (abs)        003DE8
_U1RXPPS                                           (abs)        003AE7
_U1TXB                                             (abs)        003DEA
_U1UIR                                             (abs)        003DF8
_UART1_DefaultErrorHandler                         text32       004416
_UART1_DefaultFramingErrorHandler                  text31       004414
_UART1_DefaultOverrunErrorHandler                  text30       004412
_UART1_ErrorHandler                                nvBANK0      0000DD
_UART1_FramingErrorHandler                         nvBANK0      0000E1
_UART1_Initialize                                  text42       003A6E
_UART1_OverrunErrorHandler                         nvBANK0      0000DF
_UART1_Read                                        text29       0032E2
_UART1_SetErrorHandler                             text45       0043FA
_UART1_SetFramingErrorHandler                      text44       0043F0
_UART1_SetOverrunErrorHandler                      text43       0043E6
_UART1_Write                                       text26       0041EE
_UART1_is_rx_ready                                 text28       0042FA
_WPUA                                              (abs)        003A41
_WPUB                                              (abs)        003A51
_WPUC                                              (abs)        003A61
_WPUE                                              (abs)        003A81
_XF_decrementAndQueueTimers                        text96       002954
_XF_executeOnce                                    text2        003988
_XF_init                                           text1        002876
_XF_popEvent                                       text36       002F74
_XF_pushEvent                                      text58       002598
_XF_scheduleTimer                                  text60       00366C
_XF_unscheduleTimer                                text102      003FEA
__HRAM                                             (abs)        000000
__Habs1                                            abs1         000000
__Hbank0                                           bank0        000000
__Hbank1                                           bank1        000000
__Hbank10                                          bank10       000000
__Hbank11                                          bank11       000000
__Hbank12                                          bank12       000000
__Hbank13                                          bank13       000000
__Hbank14                                          bank14       000000
__Hbank15                                          bank15       000000
__Hbank2                                           bank2        000000
__Hbank3                                           bank3        000000
__Hbank4                                           bank4        000000
__Hbank5                                           bank5        000000
__Hbank6                                           bank6        000000
__Hbank7                                           bank7        000000
__Hbank8                                           bank8        000000
__Hbank9                                           bank9        000000
__Hbigbss                                          bigbss       000000
__Hbigdata                                         bigdata      000000
__Hbigram                                          bigram       000000
__Hbigsfr                                          bigsfr       000000
__Hbss                                             bss          000000
__HbssBANK0                                        bssBANK0     000000
__HbssBANK1                                        bssBANK1     000000
__HbssBIGRAM                                       bssBIGRAM    000000
__Hcinit                                           cinit        000000
__Hclrtext                                         clrtext      000000
__Hcomram                                          comram       000000
__Hconfig                                          config       30000A
__Hconst                                           const        000000
__HcstackBANK0                                     cstackBANK0  000000
__HcstackCOMRAM                                    cstackCOMRAM 000000
__Hdata                                            data         000000
__Heeprom_data                                     eeprom_data  000000
__Hfarbss                                          farbss       000000
__Hfardata                                         fardata      000000
__Hheap                                            heap         000000
__Hibigdata                                        ibigdata     000000
__Hidata                                           idata        000000
__Hidloc                                           idloc        200010
__Hifardata                                        ifardata     000000
__Hinit                                            init         00001E
__Hintsave_regs                                    intsave_regs 000000
__Hirdata                                          irdata       000000
__Hivt0x8                                          ivt0x8       00001A
__Hmediumconst                                     mediumconst  000000
__HnvBANK0                                         nvBANK0      000000
__HnvCOMRAM                                        nvCOMRAM     000000
__HnvFARRAM                                        nvFARRAM     000000
__Hnvbit                                           nvbit        000000
__Hnvrram                                          nvrram       000000
__Hparam                                           rparam       000000
__Hpowerup                                         powerup      000000
__Hram                                             ram          000000
__Hramtop                                          ramtop       001000
__Hrbit                                            rbit         000000
__Hrbss                                            rbss         000000
__Hrdata                                           rdata        000000
__Hreset_vec                                       reset_vec    000004
__Hrparam                                          rparam       000000
__Hsfr                                             sfr          000000
__Hsmallconst                                      smallconst   000000
__Hspace_0                                         (abs)        00441E
__Hspace_1                                         (abs)        0003E3
__Hspace_2                                         (abs)        000000
__Hspace_4                                         (abs)        60000A
__Hstack                                           stack        000000
__Hstruct                                          struct       000000
__Htemp                                            temp         000000
__Htext                                            text         000000
__Htext0                                           text0        000000
__Htext1                                           text1        000000
__Htext10                                          text10       000000
__Htext100                                         text100      000000
__Htext101                                         text101      000000
__Htext102                                         text102      000000
__Htext103                                         text103      000000
__Htext104                                         text104      000000
__Htext105                                         text105      000000
__Htext106                                         text106      000000
__Htext11                                          text11       000000
__Htext12                                          text12       000000
__Htext13                                          text13       000000
__Htext14                                          text14       000000
__Htext15                                          text15       000000
__Htext16                                          text16       000000
__Htext17                                          text17       000000
__Htext18                                          text18       000000
__Htext19                                          text19       000000
__Htext2                                           text2        000000
__Htext20                                          text20       000000
__Htext21                                          text21       000000
__Htext22                                          text22       000000
__Htext23                                          text23       000000
__Htext24                                          text24       000000
__Htext25                                          text25       000000
__Htext26                                          text26       000000
__Htext27                                          text27       000000
__Htext28                                          text28       000000
__Htext29                                          text29       000000
__Htext3                                           text3        000000
__Htext30                                          text30       000000
__Htext31                                          text31       000000
__Htext32                                          text32       000000
__Htext33                                          text33       000000
__Htext34                                          text34       000000
__Htext35                                          text35       000000
__Htext36                                          text36       000000
__Htext37                                          text37       000000
__Htext38                                          text38       000000
__Htext39                                          text39       000000
__Htext4                                           text4        000000
__Htext40                                          text40       000000
__Htext41                                          text41       000000
__Htext42                                          text42       000000
__Htext43                                          text43       000000
__Htext44                                          text44       000000
__Htext45                                          text45       000000
__Htext46                                          text46       000000
__Htext47                                          text47       000000
__Htext48                                          text48       000000
__Htext49                                          text49       000000
__Htext5                                           text5        000000
__Htext50                                          text50       000000
__Htext51                                          text51       000000
__Htext52                                          text52       000000
__Htext53                                          text53       000000
__Htext54                                          text54       000000
__Htext55                                          text55       000000
__Htext56                                          text56       000000
__Htext57                                          text57       000000
__Htext58                                          text58       000000
__Htext59                                          text59       000000
__Htext6                                           text6        000000
__Htext60                                          text60       000000
__Htext61                                          text61       000000
__Htext62                                          text62       000000
__Htext63                                          text63       000000
__Htext64                                          text64       000000
__Htext65                                          text65       000000
__Htext66                                          text66       000000
__Htext67                                          text67       000000
__Htext68                                          text68       000000
__Htext69                                          text69       000000
__Htext7                                           text7        000000
__Htext70                                          text70       000000
__Htext71                                          text71       000000
__Htext72                                          text72       000000
__Htext73                                          text73       000000
__Htext74                                          text74       000000
__Htext75                                          text75       000000
__Htext76                                          text76       000000
__Htext77                                          text77       000000
__Htext78                                          text78       000000
__Htext79                                          text79       000000
__Htext8                                           text8        000000
__Htext80                                          text80       000000
__Htext81                                          text81       000000
__Htext82                                          text82       000000
__Htext83                                          text83       000000
__Htext84                                          text84       000000
__Htext85                                          text85       000000
__Htext86                                          text86       000000
__Htext87                                          text87       000000
__Htext88                                          text88       000000
__Htext89                                          text89       000000
__Htext9                                           text9        000000
__Htext90                                          text90       000000
__Htext91                                          text91       000000
__Htext92                                          text92       000000
__Htext93                                          text93       000000
__Htext94                                          text94       000000
__Htext95                                          text95       000000
__Htext96                                          text96       000000
__Htext97                                          text97       000000
__Htext98                                          text98       000000
__Htext99                                          text99       000000
__LRAM                                             (abs)        000001
__Labs1                                            abs1         000000
__Lbank0                                           bank0        000000
__Lbank1                                           bank1        000000
__Lbank10                                          bank10       000000
__Lbank11                                          bank11       000000
__Lbank12                                          bank12       000000
__Lbank13                                          bank13       000000
__Lbank14                                          bank14       000000
__Lbank15                                          bank15       000000
__Lbank2                                           bank2        000000
__Lbank3                                           bank3        000000
__Lbank4                                           bank4        000000
__Lbank5                                           bank5        000000
__Lbank6                                           bank6        000000
__Lbank7                                           bank7        000000
__Lbank8                                           bank8        000000
__Lbank9                                           bank9        000000
__Lbigbss                                          bigbss       000000
__Lbigdata                                         bigdata      000000
__Lbigram                                          bigram       000000
__Lbigsfr                                          bigsfr       000000
__Lbss                                             bss          000000
__LbssBANK0                                        bssBANK0     000000
__LbssBANK1                                        bssBANK1     000000
__LbssBIGRAM                                       bssBIGRAM    000000
__Lcinit                                           cinit        000000
__Lclrtext                                         clrtext      000000
__Lcomram                                          comram       000000
__Lconfig                                          config       000000
__Lconst                                           const        000000
__LcstackBANK0                                     cstackBANK0  000000
__LcstackCOMRAM                                    cstackCOMRAM 000000
__Ldata                                            data         000000
__Leeprom_data                                     eeprom_data  000000
__Lfarbss                                          farbss       000000
__Lfardata                                         fardata      000000
__Lheap                                            heap         000000
__Libigdata                                        ibigdata     000000
__Lidata                                           idata        000000
__Lidloc                                           idloc        000000
__Lifardata                                        ifardata     000000
__Linit                                            init         00001A
__Lintsave_regs                                    intsave_regs 000000
__Lirdata                                          irdata       000000
__Livt0x8                                          ivt0x8       000008
__Lmediumconst                                     mediumconst  000000
__LnvBANK0                                         nvBANK0      000000
__LnvCOMRAM                                        nvCOMRAM     000000
__LnvFARRAM                                        nvFARRAM     000000
__Lnvbit                                           nvbit        000000
__Lnvrram                                          nvrram       000000
__Lparam                                           rparam       000000
__Lpowerup                                         powerup      000000
__Lram                                             ram          000000
__Lramtop                                          ramtop       001000
__Lrbit                                            rbit         000000
__Lrbss                                            rbss         000000
__Lrdata                                           rdata        000000
__Lreset_vec                                       reset_vec    000000
__Lrparam                                          rparam       000000
__Lsfr                                             sfr          000000
__Lsmallconst                                      smallconst   000000
__Lspace_0                                         (abs)        000000
__Lspace_1                                         (abs)        000000
__Lspace_2                                         (abs)        000000
__Lspace_4                                         (abs)        000000
__Lstack                                           stack        000000
__Lstruct                                          struct       000000
__Ltemp                                            temp         000000
__Ltext                                            text         000000
__Ltext0                                           text0        000000
__Ltext1                                           text1        000000
__Ltext10                                          text10       000000
__Ltext100                                         text100      000000
__Ltext101                                         text101      000000
__Ltext102                                         text102      000000
__Ltext103                                         text103      000000
__Ltext104                                         text104      000000
__Ltext105                                         text105      000000
__Ltext106                                         text106      000000
__Ltext11                                          text11       000000
__Ltext12                                          text12       000000
__Ltext13                                          text13       000000
__Ltext14                                          text14       000000
__Ltext15                                          text15       000000
__Ltext16                                          text16       000000
__Ltext17                                          text17       000000
__Ltext18                                          text18       000000
__Ltext19                                          text19       000000
__Ltext2                                           text2        000000
__Ltext20                                          text20       000000
__Ltext21                                          text21       000000
__Ltext22                                          text22       000000
__Ltext23                                          text23       000000
__Ltext24                                          text24       000000
__Ltext25                                          text25       000000
__Ltext26                                          text26       000000
__Ltext27                                          text27       000000
__Ltext28                                          text28       000000
__Ltext29                                          text29       000000
__Ltext3                                           text3        000000
__Ltext30                                          text30       000000
__Ltext31                                          text31       000000
__Ltext32                                          text32       000000
__Ltext33                                          text33       000000
__Ltext34                                          text34       000000
__Ltext35                                          text35       000000
__Ltext36                                          text36       000000
__Ltext37                                          text37       000000
__Ltext38                                          text38       000000
__Ltext39                                          text39       000000
__Ltext4                                           text4        000000
__Ltext40                                          text40       000000
__Ltext41                                          text41       000000
__Ltext42                                          text42       000000
__Ltext43                                          text43       000000
__Ltext44                                          text44       000000
__Ltext45                                          text45       000000
__Ltext46                                          text46       000000
__Ltext47                                          text47       000000
__Ltext48                                          text48       000000
__Ltext49                                          text49       000000
__Ltext5                                           text5        000000
__Ltext50                                          text50       000000
__Ltext51                                          text51       000000
__Ltext52                                          text52       000000
__Ltext53                                          text53       000000
__Ltext54                                          text54       000000
__Ltext55                                          text55       000000
__Ltext56                                          text56       000000
__Ltext57                                          text57       000000
__Ltext58                                          text58       000000
__Ltext59                                          text59       000000
__Ltext6                                           text6        000000
__Ltext60                                          text60       000000
__Ltext61                                          text61       000000
__Ltext62                                          text62       000000
__Ltext63                                          text63       000000
__Ltext64                                          text64       000000
__Ltext65                                          text65       000000
__Ltext66                                          text66       000000
__Ltext67                                          text67       000000
__Ltext68                                          text68       000000
__Ltext69                                          text69       000000
__Ltext7                                           text7        000000
__Ltext70                                          text70       000000
__Ltext71                                          text71       000000
__Ltext72                                          text72       000000
__Ltext73                                          text73       000000
__Ltext74                                          text74       000000
__Ltext75                                          text75       000000
__Ltext76                                          text76       000000
__Ltext77                                          text77       000000
__Ltext78                                          text78       000000
__Ltext79                                          text79       000000
__Ltext8                                           text8        000000
__Ltext80                                          text80       000000
__Ltext81                                          text81       000000
__Ltext82                                          text82       000000
__Ltext83                                          text83       000000
__Ltext84                                          text84       000000
__Ltext85                                          text85       000000
__Ltext86                                          text86       000000
__Ltext87                                          text87       000000
__Ltext88                                          text88       000000
__Ltext89                                          text89       000000
__Ltext9                                           text9        000000
__Ltext90                                          text90       000000
__Ltext91                                          text91       000000
__Ltext92                                          text92       000000
__Ltext93                                          text93       000000
__Ltext94                                          text94       000000
__Ltext95                                          text95       000000
__Ltext96                                          text96       000000
__Ltext97                                          text97       000000
__Ltext98                                          text98       000000
__Ltext99                                          text99       000000
__S0                                               (abs)        00441E
__S1                                               (abs)        0003E3
__S4                                               (abs)        000000
__S5                                               (abs)        000000
___awmod                                           text59       003028
___awmod@counter                                   cstackBANK0  000064
___awmod@dividend                                  cstackBANK0  000060
___awmod@divisor                                   cstackBANK0  000062
___awmod@sign                                      cstackBANK0  000065
___heap_hi                                         (abs)        000000
___heap_lo                                         (abs)        000000
___inthi_sp                                        stack        000000
___intlo_sp                                        stack        000000
___param_bank                                      (abs)        000000
___rparam_used                                     (abs)        000001
___sp                                              stack        000000
___wmul                                            text34       0040C0
___wmul@multiplicand                               cstackBANK0  000062
___wmul@multiplier                                 cstackBANK0  000060
___wmul@product                                    cstackBANK0  000064
__accesstop                                        (abs)        000060
__activetblptr                                     (abs)        000002
__end_of_BLControl_init                            text88       00441C
__end_of_BLControl_onButton                        text39       003F28
__end_of_ButtonSM_init                             text87       003C6E
__end_of_ButtonSM_processEvent                     text4        000E00
__end_of_ButtonSM_setObserver                      text92       00408E
__end_of_ButtonSM_startBehaviour                   text56       003548
__end_of_Button_getId                              text38       004384
__end_of_Button_init                               text86       00413E
__end_of_Button_initHW                             text85       00441A
__end_of_Button_read                               text70       002C84
[...]
__ptext80                                          text80       0043B6
__ptext81                                          text81       0043C2
__ptext82                                          text82       004384
__ptext83                                          text83       003888
__ptext84                                          text84       004350
__ptext85                                          text85       004418
__ptext86                                          text86       004116
__ptext87                                          text87       003C0A
__ptext88                                          text88       00441A
__ptext89                                          text89       00413E
__ptext9                                           text9        003420
__ptext90                                          text90       0043CE
__ptext91                                          text91       0043DA
__ptext92                                          text92       00405A
__ptext93                                          text93       003DEC
__ptext94                                          text94       00408E
__ptext95                                          text95       00441C
__ptext96                                          text96       002954
__ptext97                                          text97       002694
__ptext98                                          text98       0030DA
__ptext99                                          text99       00377E
__ramtop                                           ramtop       001000
__smallconst                                       smallconst   000000
_b                                                 text81       0043C2
_blc                                               text91       0043DA
_bsm                                               text90       0043CE
_cc                                                text80       0043B6
_commControl_init                                  text79       003F28
_commControl_processEvent                          text5        00001E
_commControl_startBehaviour                        text55       0036F8
_convertCANid2Reg                                  text53       00218C
_convertReg2ExtendedCANid                          text20       002326
_convertReg2StandardCANid                          text19       00390C
_dummy                                             bssBANK0     0000E3
_error                                             bssBANK0     0000E5
_factory_toggleLed                                 text3        003ADE
_getCenterFrame                                    text9        003420
_getPositionFrame                                  text21       003D90
_l                                                 text78       0043AA
_main                                              text0        003E96
_readCANFrame                                      text17       001DF4
_sendAliveFrame                                    text14       002D44
_sepos                                             text77       00439E
_sepos_CalcFieldCRC                                text24       002C84
_sepos_init                                        text76       003238
_sepos_receive_RS232                               text25       001FE4
_sepos_receive_positionValue                       text22       002A2C
_sepos_receive_statusword                          text16       002AFA
_sepos_send_RS232                                  text23       001928
_sepos_send_controlword                            text8        0035DA
_sepos_send_modOfOpp                               text7        003548
_sepos_send_positionValue                          text11       002EBC
_setCenter                                         text12       003386
_setPosition                                       text10       002788
_st                                                text75       004392
_steeringSetup                                     text6        001230
_store_init                                        text72       002464
_store_read                                        text15       0040EC
_store_write                                       text13       004026
_theFactory                                        bssBANK1     000100
_theXF                                             bssBIGRAM    0001E9
_uart1RxLastError                                  bssBANK0     0000E4
commControl_init@me                                cstackBANK0  000062
commControl_processEvent@aliveTM                   cstackBANK0  0000C8
commControl_processEvent@ev                        cstackBANK0  0000BB
commControl_processEvent@me                        cstackBANK0  0000CA
commControl_processEvent@oldASMState               cstackBANK0  0000C6
commControl_processEvent@oldCSMState               cstackBANK0  0000C5
commControl_processEvent@processed                 cstackBANK0  0000C7
commControl_startBehaviour@me                      cstackBANK0  0000A9
convertCANid2Reg@canIdType                         cstackBANK0  000064
convertCANid2Reg@passedInEIDH                      cstackBANK0  000065
convertCANid2Reg@passedInEIDL                      cstackBANK0  000067
convertCANid2Reg@passedInSIDH                      cstackBANK0  000069
convertCANid2Reg@passedInSIDL                      cstackBANK0  00006B
convertCANid2Reg@tempPassedInID                    cstackBANK0  000060
convertCANid2Reg@wipSIDL                           cstackBANK0  000071
convertReg2ExtendedCANid@CAN_standardLo_ID_hi3bits cstackBANK0  00006E
convertReg2ExtendedCANid@CAN_standardLo_ID_lo2bits cstackBANK0  00006D
convertReg2ExtendedCANid@ConvertedID               cstackBANK0  00006F
convertReg2ExtendedCANid@returnValue               cstackBANK0  000069
convertReg2ExtendedCANid@tempRXBn_EIDH             cstackBANK0  000068
convertReg2ExtendedCANid@tempRXBn_EIDL             cstackBANK0  000060
convertReg2ExtendedCANid@tempRXBn_SIDH             cstackBANK0  000061
convertReg2ExtendedCANid@tempRXBn_SIDL             cstackBANK0  000062
convertReg2StandardCANid@ConvertedID               cstackBANK0  00006B
convertReg2StandardCANid@returnValue               cstackBANK0  000067
convertReg2StandardCANid@tempRXBn_SIDH             cstackBANK0  000066
convertReg2StandardCANid@tempRXBn_SIDL             cstackBANK0  000060
end_of_initialization                              cinit        003FE0
getCenterFrame@me                                  cstackBANK0  00007B
getCenterFrame@msgs                                cstackBANK0  00007D
getPositionFrame@me                                cstackBANK0  000087
getPositionFrame@msg                               cstackBANK0  00008D
getPositionFrame@position                          cstackBANK0  000089
i2ENTERCRITICAL@inISR                              cstackCOMRAM 000001
i2Event_getDelay@me                                cstackCOMRAM 000001
i2Event_init@me                                    cstackCOMRAM 000001
i2Event_setDelay@delay                             cstackCOMRAM 000003
i2Event_setDelay@me                                cstackCOMRAM 000001
i2LEAVECRITICAL@inISR                              cstackCOMRAM 000001
i2XF_pushEvent@ev                                  cstackCOMRAM 000015
i2XF_pushEvent@inISR                               cstackCOMRAM 000024
i2XF_pushEvent@temp                                cstackCOMRAM 00002A
i2XF_pushEvent@tm                                  cstackCOMRAM 000028
i2XF_pushEvent@tmid                                cstackCOMRAM 000025
i2XF_scheduleTimer@ev                              cstackCOMRAM 000004
i2XF_scheduleTimer@i                               cstackCOMRAM 000014
i2XF_scheduleTimer@inISR                           cstackCOMRAM 000013
i2XF_scheduleTimer@tm                              cstackCOMRAM 000002
i2_ENTERCRITICAL                                   text105      004326
i2_Event_getDelay                                  text101      0042C8
i2_Event_init                                      text104      003C6E
i2_Event_setDelay                                  text100      0042AE
i2_LEAVECRITICAL                                   text103      004310
i2_XF_pushEvent                                    text97       002694
i2_XF_scheduleTimer                                text99       00377E
i2___awmod                                         text98       0030DA
i2___awmod@counter                                 cstackCOMRAM 000005
i2___awmod@dividend                                cstackCOMRAM 000001
i2___awmod@divisor                                 cstackCOMRAM 000003
i2___awmod@sign                                    cstackCOMRAM 000006
intlevel0                                          text         000000
intlevel1                                          text         000000
intlevel2                                          text         000000
intlevel3                                          text         000000
isa$std                                            (abs)        000001
isa$xinst                                          (abs)        000000
ivt0x8_base                                        ivt0x8       000008
readCANFrame@me                                    cstackBANK0  0000A9
readCANFrame@msg                                   cstackBANK0  0000AB
sendAliveFrame@me                                  cstackBANK0  000083
sendAliveFrame@statusWord                          cstackBANK0  000087
sendAliveFrame@statusWordH                         cstackBANK0  000086
sendAliveFrame@statusWordL                         cstackBANK0  000085
sepos_CalcFieldCRC@ArrayLength                     cstackBANK0  000064
sepos_CalcFieldCRC@CRC                             cstackBANK0  00006E
sepos_CalcFieldCRC@c                               cstackBANK0  000068
sepos_CalcFieldCRC@carry                           cstackBANK0  00006A
sepos_CalcFieldCRC@me                              cstackBANK0  000060
sepos_CalcFieldCRC@pDataArray                      cstackBANK0  000062
sepos_CalcFieldCRC@shifter                         cstackBANK0  00006C
sepos_init@i                                       cstackBANK0  000066
sepos_init@me                                      cstackBANK0  000062
sepos_receive_RS232@i                              cstackBANK0  00006D
sepos_receive_RS232@i_2364                         cstackBANK0  00006C
sepos_receive_RS232@me                             cstackBANK0  000066
sepos_receive_positionValue@me                     cstackBANK0  00007F
sepos_receive_positionValue@x                      cstackBANK0  000083
sepos_receive_statusword@me                        cstackBANK0  00007F
sepos_receive_statusword@x                         cstackBANK0  000081
sepos_send_RS232@i                                 cstackBANK0  00007D
sepos_send_RS232@i_2350                            cstackBANK0  00007C
sepos_send_RS232@length                            cstackBANK0  00007E
sepos_send_RS232@me                                cstackBANK0  000070
sepos_send_controlword@controlword                 cstackBANK0  000081
sepos_send_controlword@me                          cstackBANK0  00007F
sepos_send_modOfOpp@me                             cstackBANK0  00007F
sepos_send_modOfOpp@mode                           cstackBANK0  000081
sepos_send_positionValue@me                        cstackBANK0  00007F
sepos_send_positionValue@position                  cstackBANK0  000081
setCenter@me                                       cstackBANK0  000068
setCenter@msg                                      cstackBANK0  00006A
setPosition@me                                     cstackBANK0  000085
setPosition@msg                                    cstackBANK0  000087
setPosition@position                               cstackBANK0  0000A1
stackhi                                            (abs)        000000
stacklo                                            (abs)        000000
start                                              init         00001A
start_initialization                               cinit        003FAC
steeringSetup@me                                   cstackBANK0  00008C
steeringSetup@msg                                  cstackBANK0  00008E
steeringSetup@msgs                                 cstackBANK0  0000AC
steeringSetup@position                             cstackBANK0  0000A8
store_init@me                                      cstackBANK0  000064
store_read@item                                    cstackBANK0  000064
store_read@me                                      cstackBANK0  000062
store_read@value                                   cstackBANK0  000065
store_write@item                                   cstackBANK0  000066
store_write@me                                     cstackBANK0  000064
store_write@value                                  cstackBANK0  000067


MODULE INFORMATION

Module		Function		Class		Link	Load	Size
driveControl/commControl.c
		_commControl_init		CODE           	3F28	0000	68
		_getPositionFrame		CODE           	3D90	0000	92
		_commControl_processEvent		CODE           	001E	0000	2380
		_setCenter     		CODE           	3386	0000	154
		_setPosition   		CODE           	2788	0000	238
		_steeringSetup 		CODE           	1230	0000	1026
		_getCenterFrame		CODE           	3420	0000	148
		_commControl_startBehaviour		CODE           	36F8	0000	134
		_sendAliveFrame		CODE           	2D44	0000	188
		_readCANFrame  		CODE           	1DF4	0000	496

driveControl/commControl.c estimated size: 4924

xf/event.c
		_Event_setData 		CODE           	3F6C	0000	64
		_Event_init    		CODE           	3BA6	0000	100
		_Event_setDelay		CODE           	420A	0000	28
		_Event_setTarget		CODE           	4242	0000	28
		_Event_getId   		CODE           	4364	0000	16
		_Event_getData 		CODE           	3CD0	0000	96
		_Event_setPE   		CODE           	425E	0000	28
		_Event_setId   		CODE           	433C	0000	20
		_Event_getDelay		CODE           	4226	0000	28

xf/event.c estimated size: 408

mcc_generated_files/interrupt_manager.c
		_INTERRUPT_Initialize		CODE           	440E	0000	4
		_INTERRUPT_InterruptManager		CODE           	3DEC	0000	92

mcc_generated_files/interrupt_manager.c estimated size: 96

C:\Program Files\Microchip\xc8\v2.36\pic\sources\c99\common\awmod.c
		___awmod       		CODE           	3028	0000	178

C:\Program Files\Microchip\xc8\v2.36\pic\sources\c99\common\awmod.c estimated size: 178

mcc_generated_files/tmr0.c
		_TMR0_SetInterruptHandler		CODE           	4404	0000	10
		_TMR0_DefaultInterruptHandler		CODE           	441C	0000	2
		_TMR0_ISR      		CODE           	408E	0000	50
		_TMR0_Initialize		CODE           	4166	0000	38

mcc_generated_files/tmr0.c estimated size: 100

mcc_generated_files/pin_manager.c
		_PIN_MANAGER_Initialize		CODE           	3D30	0000	96

mcc_generated_files/pin_manager.c estimated size: 96

board/led/led.c
		_LED_on        		CODE           	3804	0000	132
		_LED_init      		CODE           	4350	0000	20
		_LED_initHW    		CODE           	4384	0000	14
		_LED_off       		CODE           	3888	0000	132

board/led/led.c estimated size: 298

board/button/buttonsm.c
		_ButtonSM_setObserver		CODE           	405A	0000	52
		_ButtonSM_startBehaviour		CODE           	34B4	0000	148
		_ButtonSM_init 		CODE           	3C0A	0000	100
		_ButtonSM_processEvent		CODE           	096A	0000	1174

board/button/buttonsm.c estimated size: 1474

app/blcontrol.c
		_BLControl_init		CODE           	441A	0000	2
		_BLControl_onButton		CODE           	3EE0	0000	72

app/blcontrol.c estimated size: 74

mcc_generated_files/ecan.c
		_CAN_receive   		CODE           	1632	0000	758
		_ECAN_Initialize		CODE           	1BD4	0000	544
		_convertReg2ExtendedCANid		CODE           	2326	0000	318
		_CAN_transmit  		CODE           	0E00	0000	1072
		_convertReg2StandardCANid		CODE           	390C	0000	124
		_convertCANid2Reg		CODE           	218C	0000	410

mcc_generated_files/ecan.c estimated size: 3226

factory/factory.c
		_b             		CODE           	43C2	0000	12
		_factory_toggleLed		CODE           	3ADE	0000	100
		_l             		CODE           	43AA	0000	12
		_cc            		CODE           	43B6	0000	12
		_bsm           		CODE           	43CE	0000	12
		_sepos         		CODE           	439E	0000	12
		_blc           		CODE           	43DA	0000	12
		_Factory_init  		CODE           	318A	0000	174
		_st            		CODE           	4392	0000	12
		_Factory_build 		CODE           	413E	0000	40
		_Factory_start 		CODE           	3B42	0000	100

factory/factory.c estimated size: 498

driveControl/store.c
		_store_write   		CODE           	4026	0000	52
		_store_init    		CODE           	2464	0000	308
		_store_read    		CODE           	40EC	0000	42

driveControl/store.c estimated size: 402

mcc_generated_files/uart1.c
		_UART1_Write   		CODE           	41EE	0000	28
		_UART1_SetFramingErrorHandler		CODE           	43F0	0000	10
		_UART1_SetOverrunErrorHandler		CODE           	43E6	0000	10
		_UART1_Initialize		CODE           	3A6E	0000	112
		_UART1_SetErrorHandler		CODE           	43FA	0000	10
		_UART1_Read    		CODE           	32E2	0000	164
		_UART1_DefaultFramingErrorHandler		CODE           	4414	0000	2
		_UART1_is_rx_ready		CODE           	42FA	0000	22
		_UART1_DefaultErrorHandler		CODE           	4416	0000	2
		_UART1_DefaultOverrunErrorHandler		CODE           	4412	0000	2

mcc_generated_files/uart1.c estimated size: 362

shared
		i2_Event_getDelay		CODE           	42C8	0000	26
		i2_Event_setDelay		CODE           	42AE	0000	26
		i2_XF_pushEvent		CODE           	2694	0000	244
		i2_XF_scheduleTimer		CODE           	377E	0000	134
		i2_ENTERCRITICAL		CODE           	4326	0000	22
		__initialization		CODE           	3FAC	0000	52
		i2_LEAVECRITICAL		CODE           	4310	0000	22
		i2___awmod     		CODE           	30DA	0000	176
		i2_Event_init  		CODE           	3C6E	0000	98

shared estimated size: 800

mcc_generated_files/mcc.c
		_PMD_Initialize		CODE           	418C	0000	36
		_OSCILLATOR_Initialize		CODE           	42E2	0000	24
		_SYSTEM_Initialize		CODE           	41D0	0000	30

mcc_generated_files/mcc.c estimated size: 90

xf/xf.c
		_XF_executeOnce		CODE           	3988	0000	116
		_XF_popEvent   		CODE           	2F74	0000	180
		_POST          		CODE           	2E00	0000	188
		_XF_init       		CODE           	2876	0000	222
		_XF_pushEvent  		CODE           	2598	0000	252
		_ENTERCRITICAL 		CODE           	4294	0000	26
		_XF_decrementAndQueueTimers		CODE           	2954	0000	216
		_XF_unscheduleTimer		CODE           	3FEA	0000	60
		_XF_scheduleTimer		CODE           	366C	0000	140
		_LEAVECRITICAL 		CODE           	427A	0000	26

xf/xf.c estimated size: 1426

mcc_generated_files/memory.c
		_DATAEE_WriteByte		CODE           	3E48	0000	78
		_DATAEE_ReadByte		CODE           	41B0	0000	32

mcc_generated_files/memory.c estimated size: 110

sepos/sepos_RS232.c
		_sepos_receive_RS232		CODE           	1FE4	0000	424
		_sepos_receive_statusword		CODE           	2AFA	0000	200
		_sepos_send_modOfOpp		CODE           	3548	0000	146
		_sepos_receive_positionValue		CODE           	2A2C	0000	206
		_sepos_init    		CODE           	3238	0000	170
		_sepos_send_positionValue		CODE           	2EBC	0000	184
		_sepos_CalcFieldCRC		CODE           	2C84	0000	192
		_MyRead        		CODE           	39FC	0000	114
		_sepos_send_controlword		CODE           	35DA	0000	146
		_sepos_send_RS232		CODE           	1928	0000	684

sepos/sepos_RS232.c estimated size: 2466

main.c
		_main          		CODE           	3E96	0000	74

main.c estimated size: 74

board/button/button.c
		_Button_read   		CODE           	2BC2	0000	194
		_Button_init   		CODE           	4116	0000	40
		_Button_getId  		CODE           	4374	0000	16
		_Button_initHW 		CODE           	4418	0000	2

board/button/button.c estimated size: 252

C:\Program Files\Microchip\xc8\v2.36\pic\sources\c99\common\Umul16.c
		___wmul        		CODE           	40C0	0000	44

C:\Program Files\Microchip\xc8\v2.36\pic\sources\c99\common\Umul16.c estimated size: 44

